Archive member included to satisfy reference by file (symbol)

c:/MaximSDK/Libraries/PeriphDrivers/bin/MAX78000/softfp/libPeriphDriver_softfp.a(mxc_delay.o)
                              c:/Users/Home/eclipse-workspace/Sneakers/build/main.o (MXC_Delay)
c:/MaximSDK/Libraries/PeriphDrivers/bin/MAX78000/softfp/libPeriphDriver_softfp.a(pins_ai85.o)
                              c:/Users/Home/eclipse-workspace/Sneakers/build/camera.o (gpio_cfg_pcif_xclk)
c:/MaximSDK/Libraries/PeriphDrivers/bin/MAX78000/softfp/libPeriphDriver_softfp.a(sys_ai85.o)
                              c:/Users/Home/eclipse-workspace/Sneakers/build/cnn.o (MXC_SYS_ClockDisable)
c:/MaximSDK/Libraries/PeriphDrivers/bin/MAX78000/softfp/libPeriphDriver_softfp.a(nvic_table.o)
                              c:/Users/Home/eclipse-workspace/Sneakers/build/main.o (NVIC_SetVector)
c:/MaximSDK/Libraries/PeriphDrivers/bin/MAX78000/softfp/libPeriphDriver_softfp.a(cameraif_ai85.o)
                              c:/Users/Home/eclipse-workspace/Sneakers/build/camera.o (MXC_PCIF_Init)
c:/MaximSDK/Libraries/PeriphDrivers/bin/MAX78000/softfp/libPeriphDriver_softfp.a(cameraif_reva.o)
                              c:/MaximSDK/Libraries/PeriphDrivers/bin/MAX78000/softfp/libPeriphDriver_softfp.a(cameraif_ai85.o) (MXC_PCIF_RevA_SetDatawidth)
c:/MaximSDK/Libraries/PeriphDrivers/bin/MAX78000/softfp/libPeriphDriver_softfp.a(gpio_ai85.o)
                              c:/Users/Home/eclipse-workspace/Sneakers/build/cnn.o (MXC_GPIO_Config)
c:/MaximSDK/Libraries/PeriphDrivers/bin/MAX78000/softfp/libPeriphDriver_softfp.a(gpio_reva.o)
                              c:/MaximSDK/Libraries/PeriphDrivers/bin/MAX78000/softfp/libPeriphDriver_softfp.a(gpio_ai85.o) (MXC_GPIO_RevA_InGet)
c:/MaximSDK/Libraries/PeriphDrivers/bin/MAX78000/softfp/libPeriphDriver_softfp.a(i2s_ai85.o)
                              c:/Users/Home/eclipse-workspace/Sneakers/build/main.o (MXC_I2S_Init)
c:/MaximSDK/Libraries/PeriphDrivers/bin/MAX78000/softfp/libPeriphDriver_softfp.a(i2s_reva.o)
                              c:/MaximSDK/Libraries/PeriphDrivers/bin/MAX78000/softfp/libPeriphDriver_softfp.a(i2s_ai85.o) (MXC_I2S_RevA_Init)
c:/MaximSDK/Libraries/PeriphDrivers/bin/MAX78000/softfp/libPeriphDriver_softfp.a(icc_me17.o)
                              c:/Users/Home/eclipse-workspace/Sneakers/build/main.o (MXC_ICC_Enable)
c:/MaximSDK/Libraries/PeriphDrivers/bin/MAX78000/softfp/libPeriphDriver_softfp.a(icc_reva.o)
                              c:/MaximSDK/Libraries/PeriphDrivers/bin/MAX78000/softfp/libPeriphDriver_softfp.a(icc_me17.o) (MXC_ICC_RevA_ID)
c:/MaximSDK/Libraries/PeriphDrivers/bin/MAX78000/softfp/libPeriphDriver_softfp.a(pt_me17.o)
                              c:/Users/Home/eclipse-workspace/Sneakers/build/camera.o (MXC_PT_Init)
c:/MaximSDK/Libraries/PeriphDrivers/bin/MAX78000/softfp/libPeriphDriver_softfp.a(pt_reva.o)
                              c:/MaximSDK/Libraries/PeriphDrivers/bin/MAX78000/softfp/libPeriphDriver_softfp.a(pt_me17.o) (MXC_PT_RevA_Init)
c:/MaximSDK/Libraries/PeriphDrivers/bin/MAX78000/softfp/libPeriphDriver_softfp.a(spi_me17.o)
                              c:/Users/Home/eclipse-workspace/Sneakers/build/tft.o (MXC_SPI_Init)
c:/MaximSDK/Libraries/PeriphDrivers/bin/MAX78000/softfp/libPeriphDriver_softfp.a(spi_reva.o)
                              c:/MaximSDK/Libraries/PeriphDrivers/bin/MAX78000/softfp/libPeriphDriver_softfp.a(spi_me17.o) (MXC_SPI_RevA_Init)
c:/MaximSDK/Libraries/PeriphDrivers/bin/MAX78000/softfp/libPeriphDriver_softfp.a(tmr_ai85.o)
                              c:/Users/Home/eclipse-workspace/Sneakers/build/ov7692.o (MXC_TMR_Delay)
c:/MaximSDK/Libraries/PeriphDrivers/bin/MAX78000/softfp/libPeriphDriver_softfp.a(tmr_revb.o)
                              c:/MaximSDK/Libraries/PeriphDrivers/bin/MAX78000/softfp/libPeriphDriver_softfp.a(tmr_ai85.o) (MXC_TMR_RevB_Init)
c:/MaximSDK/Libraries/PeriphDrivers/bin/MAX78000/softfp/libPeriphDriver_softfp.a(uart_ai85.o)
                              c:/Users/Home/eclipse-workspace/Sneakers/build/board.o (MXC_UART_Shutdown)
c:/MaximSDK/Libraries/PeriphDrivers/bin/MAX78000/softfp/libPeriphDriver_softfp.a(uart_common.o)
                              c:/MaximSDK/Libraries/PeriphDrivers/bin/MAX78000/softfp/libPeriphDriver_softfp.a(uart_ai85.o) (MXC_UART_Common_ReadCharacter)
c:/MaximSDK/Libraries/PeriphDrivers/bin/MAX78000/softfp/libPeriphDriver_softfp.a(uart_revb.o)
                              c:/MaximSDK/Libraries/PeriphDrivers/bin/MAX78000/softfp/libPeriphDriver_softfp.a(uart_ai85.o) (MXC_UART_RevB_Init)
c:/MaximSDK/Libraries/PeriphDrivers/bin/MAX78000/softfp/libPeriphDriver_softfp.a(mxc_lock.o)
                              c:/MaximSDK/Libraries/PeriphDrivers/bin/MAX78000/softfp/libPeriphDriver_softfp.a(spi_reva.o) (MXC_FreeLock)
c:/MaximSDK/Libraries/PeriphDrivers/bin/MAX78000/softfp/libPeriphDriver_softfp.a(dma_me17.o)
[...]
Memory Configuration

Name             Origin             Length             Attributes
ROM              0x00000000         0x00010000         xr
FLASH            0x10000000         0x00080000         xr
SRAM             0x20000000         0x00020000         xrw
*default*        0x00000000         0xffffffff

Linker script and memory map

LOAD c:/maximsdk/tools/gnutools/bin/../lib/gcc/arm-none-eabi/9.2.1/thumb/v7e-m+fp/softfp/crti.o
LOAD c:/maximsdk/tools/gnutools/bin/../lib/gcc/arm-none-eabi/9.2.1/thumb/v7e-m+fp/softfp/crtbegin.o
LOAD c:/maximsdk/tools/gnutools/bin/../lib/gcc/arm-none-eabi/9.2.1/../../../../arm-none-eabi/lib/thumb/v7e-m+fp/softfp/crt0.o
LOAD c:/Users/Home/eclipse-workspace/Sneakers/build/main.o
LOAD c:/Users/Home/eclipse-workspace/Sneakers/build/softmax.o
LOAD c:/Users/Home/eclipse-workspace/Sneakers/build/cnn.o
LOAD c:/Users/Home/eclipse-workspace/Sneakers/build/all_imgs.o
LOAD c:/Users/Home/eclipse-workspace/Sneakers/build/board.o
LOAD c:/Users/Home/eclipse-workspace/Sneakers/build/stdio.o
LOAD c:/Users/Home/eclipse-workspace/Sneakers/build/led.o
LOAD c:/Users/Home/eclipse-workspace/Sneakers/build/pb.o
LOAD c:/Users/Home/eclipse-workspace/Sneakers/build/tft.o
LOAD c:/Users/Home/eclipse-workspace/Sneakers/build/touchscreen.o
LOAD c:/Users/Home/eclipse-workspace/Sneakers/build/camera.o
LOAD c:/Users/Home/eclipse-workspace/Sneakers/build/ov7692.o
LOAD c:/Users/Home/eclipse-workspace/Sneakers/build/sccb.o
LOAD c:/Users/Home/eclipse-workspace/Sneakers/build/startup_max78000.o
LOAD c:/Users/Home/eclipse-workspace/Sneakers/build/heap.o
LOAD c:/Users/Home/eclipse-workspace/Sneakers/build/system_max78000.o
START GROUP
LOAD c:/MaximSDK/Libraries/PeriphDrivers/bin/MAX78000/softfp/libPeriphDriver_softfp.a
LOAD c:/maximsdk/tools/gnutools/bin/../lib/gcc/arm-none-eabi/9.2.1/../../../../arm-none-eabi/lib/thumb/v7e-m+fp/softfp\libc.a
LOAD c:/maximsdk/tools/gnutools/bin/../lib/gcc/arm-none-eabi/9.2.1/../../../../arm-none-eabi/lib/thumb/v7e-m+fp/softfp\libm.a
LOAD c:/maximsdk/tools/gnutools/bin/../lib/gcc/arm-none-eabi/9.2.1/../../../../arm-none-eabi/lib/thumb/v7e-m+fp/softfp\libnosys.a
END GROUP
START GROUP
LOAD c:/maximsdk/tools/gnutools/bin/../lib/gcc/arm-none-eabi/9.2.1/thumb/v7e-m+fp/softfp\libgcc.a
LOAD c:/maximsdk/tools/gnutools/bin/../lib/gcc/arm-none-eabi/9.2.1/../../../../arm-none-eabi/lib/thumb/v7e-m+fp/softfp\libc.a
END GROUP
LOAD c:/maximsdk/tools/gnutools/bin/../lib/gcc/arm-none-eabi/9.2.1/thumb/v7e-m+fp/softfp/crtend.o
LOAD c:/maximsdk/tools/gnutools/bin/../lib/gcc/arm-none-eabi/9.2.1/thumb/v7e-m+fp/softfp/crtn.o

.rom
 *(.rom_vector)
 *(.rom_handlers*)

.text           0x10000000    0x42f08
                0x10000000                _text = .
 *(.isr_vector)
 .isr_vector    0x10000000      0x1e0 c:/Users/Home/eclipse-workspace/Sneakers/build/startup_max78000.o
                0x10000000                __isr_vector
 *(.text*)
 .text          0x100001e0       0x40 c:/maximsdk/tools/gnutools/bin/../lib/gcc/arm-none-eabi/9.2.1/thumb/v7e-m+fp/softfp/crtbegin.o
 .text.i2s_isr  0x10000220       0x10 c:/Users/Home/eclipse-workspace/Sneakers/build/main.o
                0x10000220                i2s_isr
 .text.I2SInit  0x10000230       0xac c:/Users/Home/eclipse-workspace/Sneakers/build/main.o
                0x10000230                I2SInit
 .text.check_inference
                0x100002dc      0x220 c:/Users/Home/eclipse-workspace/Sneakers/build/main.o
                0x100002dc                check_inference
 .text.fail     0x100004fc       0x10 c:/Users/Home/eclipse-workspace/Sneakers/build/main.o
                0x100004fc                fail
 .text.cnn_load_data
                0x1000050c       0xa0 c:/Users/Home/eclipse-workspace/Sneakers/build/main.o
                0x1000050c                cnn_load_data
 .text.AddTranspose
                0x100005ac       0xe4 c:/Users/Home/eclipse-workspace/Sneakers/build/main.o
                0x100005ac                AddTranspose
 .text.HPF      0x10000690       0x70 c:/Users/Home/eclipse-workspace/Sneakers/build/main.o
                0x10000690                HPF
 .text.MicReadChunk.part.0
                0x10000700       0xe8 c:/Users/Home/eclipse-workspace/Sneakers/build/main.o
 .text.TFT_Intro
                0x100007e8      0x1ec c:/Users/Home/eclipse-workspace/Sneakers/build/main.o
                0x100007e8                TFT_Intro
 .text.TFT_End  0x100009d4       0xa4 c:/Users/Home/eclipse-workspace/Sneakers/build/main.o
                0x100009d4                TFT_End
 .text.startup.main
                0x10000a78      0x528 c:/Users/Home/eclipse-workspace/Sneakers/build/main.o
                0x10000a78                main
 .text.softmax_q17p14_q15
                0x10000fa0       0xa8 c:/Users/Home/eclipse-workspace/Sneakers/build/softmax.o
                0x10000fa0                softmax_q17p14_q15
 .text.CNN_ISR  0x10001048       0x54 c:/Users/Home/eclipse-workspace/Sneakers/build/cnn.o
                0x10001048                CNN_ISR
 .text.cnn_load_weights
                0x1000109c      0xc08 c:/Users/Home/eclipse-workspace/Sneakers/build/cnn.o
                0x1000109c                cnn_load_weights
 .text.cnn_init
                0x10001ca4       0x74 c:/Users/Home/eclipse-workspace/Sneakers/build/cnn.o
                0x10001ca4                cnn_init
 .text.cnn_configure
                0x10001d18      0xda8 c:/Users/Home/eclipse-workspace/Sneakers/build/cnn.o
                0x10001d18                cnn_configure
 .text.cnn_start
                0x10002ac0       0x54 c:/Users/Home/eclipse-workspace/Sneakers/build/cnn.o
                0x10002ac0                cnn_start
 .text.cnn_unload
                0x10002b14       0x8c c:/Users/Home/eclipse-workspace/Sneakers/build/cnn.o
                0x10002b14                cnn_unload
 .text.cnn_enable
                0x10002ba0       0x3c c:/Users/Home/eclipse-workspace/Sneakers/build/cnn.o
                0x10002ba0                cnn_enable
 .text.cnn_boost_enable
                0x10002bdc       0x24 c:/Users/Home/eclipse-workspace/Sneakers/build/cnn.o
                0x10002bdc                cnn_boost_enable
 .text.mxc_assert
                0x10002c00       0x10 c:/Users/Home/eclipse-workspace/Sneakers/build/board.o
                0x10002c00                mxc_assert
 .text.Board_Init
                0x10002c10       0x70 c:/Users/Home/eclipse-workspace/Sneakers/build/board.o
                0x10002c10                Board_Init
 .text.NMI_Handler
                0x10002c80        0x4 c:/Users/Home/eclipse-workspace/Sneakers/build/board.o
                0x10002c80                NMI_Handler
 .text._close   0x10002c84        0x8 c:/Users/Home/eclipse-workspace/Sneakers/build/stdio.o
                0x10002c84                _close
 .text._isatty  0x10002c8c        0x8 c:/Users/Home/eclipse-workspace/Sneakers/build/stdio.o
                0x10002c8c                _isatty
 .text._lseek   0x10002c94        0x8 c:/Users/Home/eclipse-workspace/Sneakers/build/stdio.o
                0x10002c94                _lseek
 .text._fstat   0x10002c9c        0x8 c:/Users/Home/eclipse-workspace/Sneakers/build/stdio.o
                0x10002c9c                _fstat
 .text._read    0x10002ca4       0x50 c:/Users/Home/eclipse-workspace/Sneakers/build/stdio.o
                0x10002ca4                _read
 .text._write   0x10002cf4       0x4c c:/Users/Home/eclipse-workspace/Sneakers/build/stdio.o
                0x10002cf4                _write
 .text.LED_On   0x10002d40       0x40 c:/Users/Home/eclipse-workspace/Sneakers/build/led.o
                0x10002d40                LED_On
 .text.LED_Off  0x10002d80       0x40 c:/Users/Home/eclipse-workspace/Sneakers/build/led.o
                0x10002d80                LED_Off
 .text.LED_Init
                0x10002dc0       0x40 c:/Users/Home/eclipse-workspace/Sneakers/build/led.o
                0x10002dc0                LED_Init
 .text.PB_Init  0x10002e00       0x34 c:/Users/Home/eclipse-workspace/Sneakers/build/pb.o
                0x10002e00                PB_Init
 .text.GPIO0_IRQHandler
                0x10002e34        0x8 c:/Users/Home/eclipse-workspace/Sneakers/build/pb.o
                0x10002e34                GPIO0_IRQHandler
 .text.GPIO1_IRQHandler
                0x10002e3c        0x8 c:/Users/Home/eclipse-workspace/Sneakers/build/pb.o
                0x10002e3c                GPIO1_IRQHandler
 .text.GPIO2_IRQHandler
                0x10002e44        0x8 c:/Users/Home/eclipse-workspace/Sneakers/build/pb.o
                0x10002e44                GPIO2_IRQHandler
 .text.PB_Get   0x10002e4c       0x44 c:/Users/Home/eclipse-workspace/Sneakers/build/pb.o
                0x10002e4c                PB_Get
 .text.get_font_info
                0x10002e90       0x40 c:/Users/Home/eclipse-workspace/Sneakers/build/tft.o
 .text.setPalette
                0x10002ed0       0xcc c:/Users/Home/eclipse-workspace/Sneakers/build/tft.o
 .text.spi_transmit
                0x10002f9c       0xc4 c:/Users/Home/eclipse-workspace/Sneakers/build/tft.o
 .text.write_data
                0x10003060       0x34 c:/Users/Home/eclipse-workspace/Sneakers/build/tft.o
 .text.displaySub
                0x10003094       0xac c:/Users/Home/eclipse-workspace/Sneakers/build/tft.o
 .text.displaySub_Rotated
                0x10003140       0xbc c:/Users/Home/eclipse-workspace/Sneakers/build/tft.o
 .text.write_color
                0x100031fc       0x28 c:/Users/Home/eclipse-workspace/Sneakers/build/tft.o
 .text.print_line
                0x10003224       0x74 c:/Users/Home/eclipse-workspace/Sneakers/build/tft.o
 .text.RLE_decode
                0x10003298      0x1a4 c:/Users/Home/eclipse-workspace/Sneakers/build/tft.o
 .text.writeSubBitmap
                0x1000343c       0xf4 c:/Users/Home/eclipse-workspace/Sneakers/build/tft.o
 .text.get_bitmap_info
                0x10003530       0x50 c:/Users/Home/eclipse-workspace/Sneakers/build/tft.o
 .text.MXC_TFT_PrintFont.part.0
                0x10003580      0x1e0 c:/Users/Home/eclipse-workspace/Sneakers/build/tft.o
 .text.MXC_TFT_SetBackGroundColor
                0x10003760       0xd0 c:/Users/Home/eclipse-workspace/Sneakers/build/tft.o
                0x10003760                MXC_TFT_SetBackGroundColor
 .text.MXC_TFT_SetPalette
                0x10003830       0x30 c:/Users/Home/eclipse-workspace/Sneakers/build/tft.o
                0x10003830                MXC_TFT_SetPalette
 .text.MXC_TFT_Backlight
                0x10003860       0x1c c:/Users/Home/eclipse-workspace/Sneakers/build/tft.o
                0x10003860                MXC_TFT_Backlight
 .text.MXC_TFT_Init
                0x1000387c      0x40c c:/Users/Home/eclipse-workspace/Sneakers/build/tft.o
                0x1000387c                MXC_TFT_Init
 .text.MXC_TFT_ShowImage
                0x10003c88       0xcc c:/Users/Home/eclipse-workspace/Sneakers/build/tft.o
                0x10003c88                MXC_TFT_ShowImage
 .text.MXC_TFT_ClearScreen
                0x10003d54        0xc c:/Users/Home/eclipse-workspace/Sneakers/build/tft.o
                0x10003d54                MXC_TFT_ClearScreen
 .text.MXC_TFT_PrintFont
                0x10003d60       0x1c c:/Users/Home/eclipse-workspace/Sneakers/build/tft.o
                0x10003d60                MXC_TFT_PrintFont
 .text          0x10003d7c      0x148 c:/Users/Home/eclipse-workspace/Sneakers/build/startup_max78000.o
                0x10003d7c                Reset_Handler
                0x10003dba                HardFault_Handler
                0x10003dbc                MemManage_Handler
                0x10003dbe                BusFault_Handler
                0x10003dc0                UsageFault_Handler
                0x10003dc2                SVC_Handler
                0x10003dc4                DebugMon_Handler
                0x10003dc6                PendSV_Handler
                0x10003dc8                SysTick_Handler
                0x10003dca                Default_Handler
                0x10003dcc                PF_IRQHandler
                0x10003dce                WDT0_IRQHandler
                0x10003dd0                RSV02_IRQHandler
                0x10003dd2                RTC_IRQHandler
                0x10003dd4                TRNG_IRQHandler
                0x10003dd6                TMR0_IRQHandler
                0x10003dd8                TMR1_IRQHandler
                0x10003dda                TMR2_IRQHandler
                0x10003ddc                TMR3_IRQHandler
                0x10003dde                TMR4_IRQHandler
                0x10003de0                TMR5_IRQHandler
                0x10003de2                RSV11_IRQHandler
                0x10003de4                RSV12_IRQHandler
                0x10003de6                I2C0_IRQHandler
                0x10003de8                UART0_IRQHandler
                0x10003dea                UART1_IRQHandler
                0x10003dec                SPI1_IRQHandler
                0x10003dee                RSV17_IRQHandler
                0x10003df0                RSV18_IRQHandler
                0x10003df2                RSV19_IRQHandler
                0x10003df4                ADC_IRQHandler
                0x10003df6                RSV21_IRQHandler
                0x10003df8                RSV22_IRQHandler
                0x10003dfa                FLC0_IRQHandler
                0x10003e02                RSV27_IRQHandler
                0x10003e04                DMA0_IRQHandler
                0x10003e06                DMA1_IRQHandler
                0x10003e08                DMA2_IRQHandler
                0x10003e0a                DMA3_IRQHandler
                0x10003e0c                RSV32_IRQHandler
                0x10003e0e                RSV33_IRQHandler
                0x10003e10                UART2_IRQHandler
                0x10003e12                RSV35_IRQHandler
                0x10003e14                I2C1_IRQHandler
                0x10003e16                RSV37_IRQHandler
                0x10003e18                RSV38_IRQHandler
                0x10003e1a                RSV39_IRQHandler
                0x10003e1c                RSV40_IRQHandler
                0x10003e1e                RSV41_IRQHandler
                0x10003e20                RSV42_IRQHandler
                0x10003e22                RSV43_IRQHandler
                0x10003e24                RSV44_IRQHandler
                0x10003e26                RSV45_IRQHandler
                0x10003e28                RSV46_IRQHandler
                0x10003e2a                RSV47_IRQHandler
                0x10003e2c                RSV48_IRQHandler
                0x10003e2e                RSV49_IRQHandler
                0x10003e30                RSV50_IRQHandler
                0x10003e32                RSV51_IRQHandler
                0x10003e34                RSV52_IRQHandler
                0x10003e36                WUT_IRQHandler
                0x10003e38                GPIOWAKE_IRQHandler
                0x10003e3a                RSV55_IRQHandler
                0x10003e3c                SPI0_IRQHandler
                0x10003e3e                WDT1_IRQHandler
                0x10003e40                RSV58_IRQHandler
                0x10003e42                PT_IRQHandler
                0x10003e44                RSV60_IRQHandler
                0x10003e46                RSV61_IRQHandler
                0x10003e48                I2C2_IRQHandler
                0x10003e4a                RISCV_IRQHandler
                0x10003e4c                RSV64_IRQHandler
                0x10003e4e                RSV65_IRQHandler
                0x10003e50                RSV66_IRQHandler
                0x10003e52                OWM_IRQHandler
                0x10003e54                RSV68_IRQHandler
                0x10003e56                RSV69_IRQHandler
                0x10003e58                RSV70_IRQHandler
                0x10003e5a                RSV71_IRQHandler
                0x10003e5c                RSV72_IRQHandler
                0x10003e5e                RSV73_IRQHandler
                0x10003e60                RSV74_IRQHandler
                0x10003e62                RSV75_IRQHandler
                0x10003e64                RSV76_IRQHandler
                0x10003e66                RSV77_IRQHandler
                0x10003e68                RSV78_IRQHandler
                0x10003e6a                RSV79_IRQHandler
                0x10003e6c                RSV80_IRQHandler
                0x10003e6e                RSV81_IRQHandler
                0x10003e70                ECC_IRQHandler
                0x10003e72                DVS_IRQHandler
                0x10003e74                SIMO_IRQHandler
                0x10003e76                RSV85_IRQHandler
                0x10003e78                RSV86_IRQHandler
                0x10003e7a                RSV87_IRQHandler
                0x10003e7c                UART3_IRQHandler
                0x10003e7e                RSV89_IRQHandler
                0x10003e80                RSV90_IRQHandler
                0x10003e82                PCIF_IRQHandler
                0x10003e84                RSV92_IRQHandler
                0x10003e86                RSV93_IRQHandler
                0x10003e88                RSV94_IRQHandler
                0x10003e8a                RSV95_IRQHandler
                0x10003e8c                RSV96_IRQHandler
                0x10003e8e                AES_IRQHandler
                0x10003e90                RSV98_IRQHandler
                0x10003e92                I2S_IRQHandler
                0x10003e94                CNN_FIFO_IRQHandler
                0x10003e96                CNN_IRQHandler
                0x10003e98                RSV102_IRQHandler
                0x10003e9a                LPCMP_IRQHandler
 .text._sbrk    0x10003ec4       0x40 c:/Users/Home/eclipse-workspace/Sneakers/build/heap.o
                0x10003ec4                _sbrk
 .text.SystemCoreClockUpdate
                0x10003f04       0x68 c:/Users/Home/eclipse-workspace/Sneakers/build/system_max78000.o
                0x10003f04                SystemCoreClockUpdate
 .text.PreInit  0x10003f6c        0x4 c:/Users/Home/eclipse-workspace/Sneakers/build/system_max78000.o
                0x10003f6c                PreInit
 .text.SystemInit
                0x10003f70       0x30 c:/Users/Home/eclipse-workspace/Sneakers/build/system_max78000.o
                0x10003f70                SystemInit
 .text.MXC_DelayInit
                0x10003fa0       0x80 c:/MaximSDK/Libraries/PeriphDrivers/bin/MAX78000/softfp/libPeriphDriver_softfp.a(mxc_delay.o)
 .text.MXC_DelayAsync
                0x10004020       0x3c c:/MaximSDK/Libraries/PeriphDrivers/bin/MAX78000/softfp/libPeriphDriver_softfp.a(mxc_delay.o)
                0x10004020                MXC_DelayAsync
 .text.MXC_DelayAbort
                0x1000405c       0x34 c:/MaximSDK/Libraries/PeriphDrivers/bin/MAX78000/softfp/libPeriphDriver_softfp.a(mxc_delay.o)
                0x1000405c                MXC_DelayAbort
 .text.MXC_DelayCheck
                0x10004090       0x58 c:/MaximSDK/Libraries/PeriphDrivers/bin/MAX78000/softfp/libPeriphDriver_softfp.a(mxc_delay.o)
                0x10004090                MXC_DelayCheck
 .text.MXC_Delay
                0x100040e8       0x4c c:/MaximSDK/Libraries/PeriphDrivers/bin/MAX78000/softfp/libPeriphDriver_softfp.a(mxc_delay.o)
                0x100040e8                MXC_Delay
 .text.MXC_SYS_ClockDisable
                0x10004134       0x44 c:/MaximSDK/Libraries/PeriphDrivers/bin/MAX78000/softfp/libPeriphDriver_softfp.a(sys_ai85.o)
                0x10004134                MXC_SYS_ClockDisable
 .text.MXC_SYS_ClockEnable
                0x10004178       0x4c c:/MaximSDK/Libraries/PeriphDrivers/bin/MAX78000/softfp/libPeriphDriver_softfp.a(sys_ai85.o)
                0x10004178                MXC_SYS_ClockEnable
 .text.MXC_SYS_Clock_Timeout
                0x100041c4       0x2e c:/MaximSDK/Libraries/PeriphDrivers/bin/MAX78000/softfp/libPeriphDriver_softfp.a(sys_ai85.o)
                0x100041c4                MXC_SYS_Clock_Timeout
 .text.MXC_SYS_ClockSourceEnable
                0x100041f2       0x6c c:/MaximSDK/Libraries/PeriphDrivers/bin/MAX78000/softfp/libPeriphDriver_softfp.a(sys_ai85.o)
                0x100041f2                MXC_SYS_ClockSourceEnable
 .text.MXC_SYS_Clock_Select
                0x1000425e       0xde c:/MaximSDK/Libraries/PeriphDrivers/bin/MAX78000/softfp/libPeriphDriver_softfp.a(sys_ai85.o)
                0x1000425e                MXC_SYS_Clock_Select
 .text.MXC_SYS_Reset_Periph
                0x1000433c       0x3c c:/MaximSDK/Libraries/PeriphDrivers/bin/MAX78000/softfp/libPeriphDriver_softfp.a(sys_ai85.o)
                0x1000433c                MXC_SYS_Reset_Periph
 .text.NVIC_SetRAM
                0x10004378       0x24 c:/MaximSDK/Libraries/PeriphDrivers/bin/MAX78000/softfp/libPeriphDriver_softfp.a(nvic_table.o)
                0x10004378                NVIC_SetRAM
 .text.NVIC_SetVector
                0x1000439c       0x3c c:/MaximSDK/Libraries/PeriphDrivers/bin/MAX78000/softfp/libPeriphDriver_softfp.a(nvic_table.o)
                0x1000439c                NVIC_SetVector
 .text.MXC_GPIO_Init
                0x100043d8       0x28 c:/MaximSDK/Libraries/PeriphDrivers/bin/MAX78000/softfp/libPeriphDriver_softfp.a(gpio_ai85.o)
                0x100043d8                MXC_GPIO_Init
 .text.MXC_GPIO_Config
                0x10004400      0x178 c:/MaximSDK/Libraries/PeriphDrivers/bin/MAX78000/softfp/libPeriphDriver_softfp.a(gpio_ai85.o)
                0x10004400                MXC_GPIO_Config
 .text.MXC_GPIO_InGet
                0x10004578       0x4c c:/MaximSDK/Libraries/PeriphDrivers/bin/MAX78000/softfp/libPeriphDriver_softfp.a(gpio_ai85.o)
                0x10004578                MXC_GPIO_InGet
 .text.MXC_GPIO_OutSet
                0x100045c4       0x34 c:/MaximSDK/Libraries/PeriphDrivers/bin/MAX78000/softfp/libPeriphDriver_softfp.a(gpio_ai85.o)
                0x100045c4                MXC_GPIO_OutSet
 .text.MXC_GPIO_OutClr
                0x100045f8       0x34 c:/MaximSDK/Libraries/PeriphDrivers/bin/MAX78000/softfp/libPeriphDriver_softfp.a(gpio_ai85.o)
                0x100045f8                MXC_GPIO_OutClr
 .text.MXC_GPIO_Handler
                0x1000462c        0x4 c:/MaximSDK/Libraries/PeriphDrivers/bin/MAX78000/softfp/libPeriphDriver_softfp.a(gpio_ai85.o)
                0x1000462c                MXC_GPIO_Handler
 .text.MXC_GPIO_ClearFlags
                0x10004630        0x4 c:/MaximSDK/Libraries/PeriphDrivers/bin/MAX78000/softfp/libPeriphDriver_softfp.a(gpio_ai85.o)
                0x10004630                MXC_GPIO_ClearFlags
 .text.MXC_GPIO_GetFlags
                0x10004634        0x4 c:/MaximSDK/Libraries/PeriphDrivers/bin/MAX78000/softfp/libPeriphDriver_softfp.a(gpio_ai85.o)
                0x10004634                MXC_GPIO_GetFlags
 .text.MXC_GPIO_SetVSSEL
                0x10004638        0x4 c:/MaximSDK/Libraries/PeriphDrivers/bin/MAX78000/softfp/libPeriphDriver_softfp.a(gpio_ai85.o)
                0x10004638                MXC_GPIO_SetVSSEL
 .text.MXC_GPIO_RevA_InGet
                0x1000463c        0x6 c:/MaximSDK/Libraries/PeriphDrivers/bin/MAX78000/softfp/libPeriphDriver_softfp.a(gpio_reva.o)
                0x1000463c                MXC_GPIO_RevA_InGet
 .text.MXC_GPIO_RevA_OutSet
                0x10004642        0x4 c:/MaximSDK/Libraries/PeriphDrivers/bin/MAX78000/softfp/libPeriphDriver_softfp.a(gpio_reva.o)
                0x10004642                MXC_GPIO_RevA_OutSet
 .text.MXC_GPIO_RevA_OutClr
                0x10004646        0x4 c:/MaximSDK/Libraries/PeriphDrivers/bin/MAX78000/softfp/libPeriphDriver_softfp.a(gpio_reva.o)
                0x10004646                MXC_GPIO_RevA_OutClr
 .text.MXC_GPIO_RevA_ClearFlags
                0x1000464a        0x4 c:/MaximSDK/Libraries/PeriphDrivers/bin/MAX78000/softfp/libPeriphDriver_softfp.a(gpio_reva.o)
                0x1000464a                MXC_GPIO_RevA_ClearFlags
 .text.MXC_GPIO_RevA_GetFlags
                0x1000464e        0x4 c:/MaximSDK/Libraries/PeriphDrivers/bin/MAX78000/softfp/libPeriphDriver_softfp.a(gpio_reva.o)
                0x1000464e                MXC_GPIO_RevA_GetFlags
 .text.MXC_GPIO_RevA_SetVSSEL
                0x10004652       0x24 c:/MaximSDK/Libraries/PeriphDrivers/bin/MAX78000/softfp/libPeriphDriver_softfp.a(gpio_reva.o)
                0x10004652                MXC_GPIO_RevA_SetVSSEL
 .text.MXC_GPIO_RevA_SetAF
                0x10004676       0x3c c:/MaximSDK/Libraries/PeriphDrivers/bin/MAX78000/softfp/libPeriphDriver_softfp.a(gpio_reva.o)
                0x10004676                MXC_GPIO_RevA_SetAF
 *fill*         0x100046b2        0x2 
 .text.MXC_I2S_Shutdown
                0x100046b4       0x1c c:/MaximSDK/Libraries/PeriphDrivers/bin/MAX78000/softfp/libPeriphDriver_softfp.a(i2s_ai85.o)
                0x100046b4                MXC_I2S_Shutdown
 .text.MXC_I2S_Init
                0x100046d0       0x34 c:/MaximSDK/Libraries/PeriphDrivers/bin/MAX78000/softfp/libPeriphDriver_softfp.a(i2s_ai85.o)
                0x100046d0                MXC_I2S_Init
 .text.MXC_I2S_ConfigData
                0x10004704        0xc c:/MaximSDK/Libraries/PeriphDrivers/bin/MAX78000/softfp/libPeriphDriver_softfp.a(i2s_ai85.o)
                0x10004704                MXC_I2S_ConfigData
 .text.MXC_I2S_TXDisable
                0x10004710        0xc c:/MaximSDK/Libraries/PeriphDrivers/bin/MAX78000/softfp/libPeriphDriver_softfp.a(i2s_ai85.o)
                0x10004710                MXC_I2S_TXDisable
 .text.MXC_I2S_RXEnable
                0x1000471c        0xc c:/MaximSDK/Libraries/PeriphDrivers/bin/MAX78000/softfp/libPeriphDriver_softfp.a(i2s_ai85.o)
                0x1000471c                MXC_I2S_RXEnable
 .text.MXC_I2S_RXDisable
                0x10004728        0xc c:/MaximSDK/Libraries/PeriphDrivers/bin/MAX78000/softfp/libPeriphDriver_softfp.a(i2s_ai85.o)
                0x10004728                MXC_I2S_RXDisable
 .text.MXC_I2S_SetRXThreshold
                0x10004734        0xc c:/MaximSDK/Libraries/PeriphDrivers/bin/MAX78000/softfp/libPeriphDriver_softfp.a(i2s_ai85.o)
                0x10004734                MXC_I2S_SetRXThreshold
 .text.MXC_I2S_SetFrequency
                0x10004740       0x10 c:/MaximSDK/Libraries/PeriphDrivers/bin/MAX78000/softfp/libPeriphDriver_softfp.a(i2s_ai85.o)
                0x10004740                MXC_I2S_SetFrequency
 .text.MXC_I2S_Flush
                0x10004750        0xc c:/MaximSDK/Libraries/PeriphDrivers/bin/MAX78000/softfp/libPeriphDriver_softfp.a(i2s_ai85.o)
                0x10004750                MXC_I2S_Flush
 .text.MXC_I2S_EnableInt
                0x1000475c        0xc c:/MaximSDK/Libraries/PeriphDrivers/bin/MAX78000/softfp/libPeriphDriver_softfp.a(i2s_ai85.o)
                0x1000475c                MXC_I2S_EnableInt
 .text.MXC_I2S_DisableInt
                0x10004768        0xc c:/MaximSDK/Libraries/PeriphDrivers/bin/MAX78000/softfp/libPeriphDriver_softfp.a(i2s_ai85.o)
                0x10004768                MXC_I2S_DisableInt
 .text.MXC_I2S_ClearFlags
                0x10004774        0xc c:/MaximSDK/Libraries/PeriphDrivers/bin/MAX78000/softfp/libPeriphDriver_softfp.a(i2s_ai85.o)
                0x10004774                MXC_I2S_ClearFlags
 .text.MXC_I2S_RevA_Init
                0x10004780       0x5e c:/MaximSDK/Libraries/PeriphDrivers/bin/MAX78000/softfp/libPeriphDriver_softfp.a(i2s_reva.o)
                0x10004780                MXC_I2S_RevA_Init
 .text.MXC_I2S_RevA_Shutdown
                0x100047de       0x28 c:/MaximSDK/Libraries/PeriphDrivers/bin/MAX78000/softfp/libPeriphDriver_softfp.a(i2s_reva.o)
                0x100047de                MXC_I2S_RevA_Shutdown
 .text.MXC_I2S_RevA_ConfigData
                0x10004806      0x18c c:/MaximSDK/Libraries/PeriphDrivers/bin/MAX78000/softfp/libPeriphDriver_softfp.a(i2s_reva.o)
                0x10004806                MXC_I2S_RevA_ConfigData
 .text.MXC_I2S_RevA_TXDisable
                0x10004992        0xa c:/MaximSDK/Libraries/PeriphDrivers/bin/MAX78000/softfp/libPeriphDriver_softfp.a(i2s_reva.o)
                0x10004992                MXC_I2S_RevA_TXDisable
 .text.MXC_I2S_RevA_RXEnable
                0x1000499c        0xa c:/MaximSDK/Libraries/PeriphDrivers/bin/MAX78000/softfp/libPeriphDriver_softfp.a(i2s_reva.o)
                0x1000499c                MXC_I2S_RevA_RXEnable
 .text.MXC_I2S_RevA_RXDisable
                0x100049a6        0xa c:/MaximSDK/Libraries/PeriphDrivers/bin/MAX78000/softfp/libPeriphDriver_softfp.a(i2s_reva.o)
                0x100049a6                MXC_I2S_RevA_RXDisable
 .text.MXC_I2S_RevA_SetRXThreshold
                0x100049b0       0x18 c:/MaximSDK/Libraries/PeriphDrivers/bin/MAX78000/softfp/libPeriphDriver_softfp.a(i2s_reva.o)
                0x100049b0                MXC_I2S_RevA_SetRXThreshold
 .text.MXC_I2S_RevA_SetFrequency
                0x100049c8       0x2c c:/MaximSDK/Libraries/PeriphDrivers/bin/MAX78000/softfp/libPeriphDriver_softfp.a(i2s_reva.o)
                0x100049c8                MXC_I2S_RevA_SetFrequency
 .text.MXC_I2S_RevA_Flush
                0x100049f4       0x10 c:/MaximSDK/Libraries/PeriphDrivers/bin/MAX78000/softfp/libPeriphDriver_softfp.a(i2s_reva.o)
                0x100049f4                MXC_I2S_RevA_Flush
 .text.MXC_I2S_RevA_EnableInt
                0x10004a04        0x8 c:/MaximSDK/Libraries/PeriphDrivers/bin/MAX78000/softfp/libPeriphDriver_softfp.a(i2s_reva.o)
                0x10004a04                MXC_I2S_RevA_EnableInt
 .text.MXC_I2S_RevA_DisableInt
                0x10004a0c        0xa c:/MaximSDK/Libraries/PeriphDrivers/bin/MAX78000/softfp/libPeriphDriver_softfp.a(i2s_reva.o)
                0x10004a0c                MXC_I2S_RevA_DisableInt
 .text.MXC_I2S_RevA_ClearFlags
                0x10004a16        0x8 c:/MaximSDK/Libraries/PeriphDrivers/bin/MAX78000/softfp/libPeriphDriver_softfp.a(i2s_reva.o)
                0x10004a16                MXC_I2S_RevA_ClearFlags
 .text.MXC_ICC_Enable
                0x10004a1e        0x4 c:/MaximSDK/Libraries/PeriphDrivers/bin/MAX78000/softfp/libPeriphDriver_softfp.a(icc_me17.o)
                0x10004a1e                MXC_ICC_Enable
 .text.MXC_ICC_RevA_Enable
                0x10004a22       0x24 c:/MaximSDK/Libraries/PeriphDrivers/bin/MAX78000/softfp/libPeriphDriver_softfp.a(icc_reva.o)
                0x10004a22                MXC_ICC_RevA_Enable
 *fill*         0x10004a46        0x2 
 .text.MXC_SPI_Init
                0x10004a48      0x1b8 c:/MaximSDK/Libraries/PeriphDrivers/bin/MAX78000/softfp/libPeriphDriver_softfp.a(spi_me17.o)
                0x10004a48                MXC_SPI_Init
 .text.MXC_SPI_SetFrequency
                0x10004c00        0x4 c:/MaximSDK/Libraries/PeriphDrivers/bin/MAX78000/softfp/libPeriphDriver_softfp.a(spi_me17.o)
                0x10004c00                MXC_SPI_SetFrequency
 .text.MXC_SPI_SetDataSize
                0x10004c04        0x4 c:/MaximSDK/Libraries/PeriphDrivers/bin/MAX78000/softfp/libPeriphDriver_softfp.a(spi_me17.o)
                0x10004c04                MXC_SPI_SetDataSize
 .text.MXC_SPI_SetWidth
                0x10004c08        0x4 c:/MaximSDK/Libraries/PeriphDrivers/bin/MAX78000/softfp/libPeriphDriver_softfp.a(spi_me17.o)
                0x10004c08                MXC_SPI_SetWidth
 .text.MXC_SPI_RevA_Init
                0x10004c0c       0xd0 c:/MaximSDK/Libraries/PeriphDrivers/bin/MAX78000/softfp/libPeriphDriver_softfp.a(spi_reva.o)
                0x10004c0c                MXC_SPI_RevA_Init
 .text.MXC_SPI_RevA_SetFrequency
                0x10004cdc       0x6c c:/MaximSDK/Libraries/PeriphDrivers/bin/MAX78000/softfp/libPeriphDriver_softfp.a(spi_reva.o)
                0x10004cdc                MXC_SPI_RevA_SetFrequency
 .text.MXC_SPI_RevA_SetDataSize
                0x10004d48       0x94 c:/MaximSDK/Libraries/PeriphDrivers/bin/MAX78000/softfp/libPeriphDriver_softfp.a(spi_reva.o)
                0x10004d48                MXC_SPI_RevA_SetDataSize
 .text.MXC_SPI_RevA_SetWidth
                0x10004ddc       0x60 c:/MaximSDK/Libraries/PeriphDrivers/bin/MAX78000/softfp/libPeriphDriver_softfp.a(spi_reva.o)
                0x10004ddc                MXC_SPI_RevA_SetWidth
 .text.MXC_TMR_Init
                0x10004e3c      0x1d0 c:/MaximSDK/Libraries/PeriphDrivers/bin/MAX78000/softfp/libPeriphDriver_softfp.a(tmr_ai85.o)
                0x10004e3c                MXC_TMR_Init
 .text.MXC_TMR_Start
                0x1000500c        0x4 c:/MaximSDK/Libraries/PeriphDrivers/bin/MAX78000/softfp/libPeriphDriver_softfp.a(tmr_ai85.o)
                0x1000500c                MXC_TMR_Start
 .text.MXC_TMR_Stop
                0x10005010        0x4 c:/MaximSDK/Libraries/PeriphDrivers/bin/MAX78000/softfp/libPeriphDriver_softfp.a(tmr_ai85.o)
                0x10005010                MXC_TMR_Stop
 .text.MXC_TMR_ClearFlags
                0x10005014        0x4 c:/MaximSDK/Libraries/PeriphDrivers/bin/MAX78000/softfp/libPeriphDriver_softfp.a(tmr_ai85.o)
                0x10005014                MXC_TMR_ClearFlags
 .text.MXC_TMR_SetCount
                0x10005018        0x4 c:/MaximSDK/Libraries/PeriphDrivers/bin/MAX78000/softfp/libPeriphDriver_softfp.a(tmr_ai85.o)
                0x10005018                MXC_TMR_SetCount
 .text.MXC_TMR_TO_Start
                0x1000501c        0x4 c:/MaximSDK/Libraries/PeriphDrivers/bin/MAX78000/softfp/libPeriphDriver_softfp.a(tmr_ai85.o)
                0x1000501c                MXC_TMR_TO_Start
 .text.MXC_TMR_TO_Stop
                0x10005020        0x4 c:/MaximSDK/Libraries/PeriphDrivers/bin/MAX78000/softfp/libPeriphDriver_softfp.a(tmr_ai85.o)
                0x10005020                MXC_TMR_TO_Stop
 .text.MXC_TMR_TO_Elapsed
                0x10005024        0x4 c:/MaximSDK/Libraries/PeriphDrivers/bin/MAX78000/softfp/libPeriphDriver_softfp.a(tmr_ai85.o)
                0x10005024                MXC_TMR_TO_Elapsed
 .text.MXC_TMR_SW_Start
                0x10005028        0x4 c:/MaximSDK/Libraries/PeriphDrivers/bin/MAX78000/softfp/libPeriphDriver_softfp.a(tmr_ai85.o)
                0x10005028                MXC_TMR_SW_Start
 .text.MXC_TMR_SW_Stop
                0x1000502c        0x4 c:/MaximSDK/Libraries/PeriphDrivers/bin/MAX78000/softfp/libPeriphDriver_softfp.a(tmr_ai85.o)
                0x1000502c                MXC_TMR_SW_Stop
 .text.MXC_TMR_GetTime
                0x10005030        0x4 c:/MaximSDK/Libraries/PeriphDrivers/bin/MAX78000/softfp/libPeriphDriver_softfp.a(tmr_ai85.o)
                0x10005030                MXC_TMR_GetTime
 .text.MXC_TMR_RevB_ConfigGeneric
                0x10005034       0xd4 c:/MaximSDK/Libraries/PeriphDrivers/bin/MAX78000/softfp/libPeriphDriver_softfp.a(tmr_revb.o)
                0x10005034                MXC_TMR_RevB_ConfigGeneric
 .text.MXC_TMR_RevB_Init
                0x10005108       0xc0 c:/MaximSDK/Libraries/PeriphDrivers/bin/MAX78000/softfp/libPeriphDriver_softfp.a(tmr_revb.o)
                0x10005108                MXC_TMR_RevB_Init
 .text.MXC_TMR_RevB_Start
                0x100051c8       0x5c c:/MaximSDK/Libraries/PeriphDrivers/bin/MAX78000/softfp/libPeriphDriver_softfp.a(tmr_revb.o)
                0x100051c8                MXC_TMR_RevB_Start
 .text.MXC_TMR_RevB_Stop
                0x10005224       0x58 c:/MaximSDK/Libraries/PeriphDrivers/bin/MAX78000/softfp/libPeriphDriver_softfp.a(tmr_revb.o)
                0x10005224                MXC_TMR_RevB_Stop
 .text.MXC_TMR_RevB_ClearFlags
                0x1000527c       0x58 c:/MaximSDK/Libraries/PeriphDrivers/bin/MAX78000/softfp/libPeriphDriver_softfp.a(tmr_revb.o)
                0x1000527c                MXC_TMR_RevB_ClearFlags
 .text.MXC_TMR_RevB_SetCount
                0x100052d4       0x5c c:/MaximSDK/Libraries/PeriphDrivers/bin/MAX78000/softfp/libPeriphDriver_softfp.a(tmr_revb.o)
                0x100052d4                MXC_TMR_RevB_SetCount
 .text.MXC_TMR_RevB_TO_Start
                0x10005330       0xd0 c:/MaximSDK/Libraries/PeriphDrivers/bin/MAX78000/softfp/libPeriphDriver_softfp.a(tmr_revb.o)
                0x10005330                MXC_TMR_RevB_TO_Start
 .text.MXC_TMR_RevB_GetTime
                0x10005400      0x11c c:/MaximSDK/Libraries/PeriphDrivers/bin/MAX78000/softfp/libPeriphDriver_softfp.a(tmr_revb.o)
                0x10005400                MXC_TMR_RevB_GetTime
 .text.MXC_UART_Shutdown
                0x1000551c       0x60 c:/MaximSDK/Libraries/PeriphDrivers/bin/MAX78000/softfp/libPeriphDriver_softfp.a(uart_ai85.o)
                0x1000551c                MXC_UART_Shutdown
 .text.MXC_UART_Init
                0x1000557c       0x98 c:/MaximSDK/Libraries/PeriphDrivers/bin/MAX78000/softfp/libPeriphDriver_softfp.a(uart_ai85.o)
                0x1000557c                MXC_UART_Init
 .text.MXC_UART_GetFrequency
                0x10005614       0x78 c:/MaximSDK/Libraries/PeriphDrivers/bin/MAX78000/softfp/libPeriphDriver_softfp.a(uart_ai85.o)
                0x10005614                MXC_UART_GetFrequency
 .text.MXC_UART_SetFrequency
                0x1000568c       0xb0 c:/MaximSDK/Libraries/PeriphDrivers/bin/MAX78000/softfp/libPeriphDriver_softfp.a(uart_ai85.o)
                0x1000568c                MXC_UART_SetFrequency
 .text.MXC_UART_SetDataSize
                0x1000573c        0x4 c:/MaximSDK/Libraries/PeriphDrivers/bin/MAX78000/softfp/libPeriphDriver_softfp.a(uart_ai85.o)
                0x1000573c                MXC_UART_SetDataSize
 .text.MXC_UART_SetStopBits
                0x10005740        0x4 c:/MaximSDK/Libraries/PeriphDrivers/bin/MAX78000/softfp/libPeriphDriver_softfp.a(uart_ai85.o)
                0x10005740                MXC_UART_SetStopBits
 .text.MXC_UART_SetParity
                0x10005744        0x4 c:/MaximSDK/Libraries/PeriphDrivers/bin/MAX78000/softfp/libPeriphDriver_softfp.a(uart_ai85.o)
                0x10005744                MXC_UART_SetParity
 .text.MXC_UART_ReadCharacterRaw
                0x10005748        0x4 c:/MaximSDK/Libraries/PeriphDrivers/bin/MAX78000/softfp/libPeriphDriver_softfp.a(uart_ai85.o)
                0x10005748                MXC_UART_ReadCharacterRaw
 .text.MXC_UART_WriteCharacterRaw
                0x1000574c        0x4 c:/MaximSDK/Libraries/PeriphDrivers/bin/MAX78000/softfp/libPeriphDriver_softfp.a(uart_ai85.o)
                0x1000574c                MXC_UART_WriteCharacterRaw
 .text.MXC_UART_ReadCharacter
                0x10005750        0x4 c:/MaximSDK/Libraries/PeriphDrivers/bin/MAX78000/softfp/libPeriphDriver_softfp.a(uart_ai85.o)
                0x10005750                MXC_UART_ReadCharacter
 .text.MXC_UART_WriteCharacter
                0x10005754        0x4 c:/MaximSDK/Libraries/PeriphDrivers/bin/MAX78000/softfp/libPeriphDriver_softfp.a(uart_ai85.o)
                0x10005754                MXC_UART_WriteCharacter
 .text.MXC_UART_GetRXFIFOAvailable
                0x10005758        0x4 c:/MaximSDK/Libraries/PeriphDrivers/bin/MAX78000/softfp/libPeriphDriver_softfp.a(uart_ai85.o)
                0x10005758                MXC_UART_GetRXFIFOAvailable
 .text.MXC_UART_GetTXFIFOAvailable
                0x1000575c        0x4 c:/MaximSDK/Libraries/PeriphDrivers/bin/MAX78000/softfp/libPeriphDriver_softfp.a(uart_ai85.o)
                0x1000575c                MXC_UART_GetTXFIFOAvailable
 .text.MXC_UART_SetRXThreshold
                0x10005760        0x4 c:/MaximSDK/Libraries/PeriphDrivers/bin/MAX78000/softfp/libPeriphDriver_softfp.a(uart_ai85.o)
                0x10005760                MXC_UART_SetRXThreshold
 .text.MXC_UART_Common_ReadCharacter
                0x10005764       0x18 c:/MaximSDK/Libraries/PeriphDrivers/bin/MAX78000/softfp/libPeriphDriver_softfp.a(uart_common.o)
                0x10005764                MXC_UART_Common_ReadCharacter
 .text.MXC_UART_Common_WriteCharacter
                0x1000577c       0x1e c:/MaximSDK/Libraries/PeriphDrivers/bin/MAX78000/softfp/libPeriphDriver_softfp.a(uart_common.o)
                0x1000577c                MXC_UART_Common_WriteCharacter
 *fill*         0x1000579a        0x2 
 .text.MXC_UART_RevB_Init
                0x1000579c       0x68 c:/MaximSDK/Libraries/PeriphDrivers/bin/MAX78000/softfp/libPeriphDriver_softfp.a(uart_revb.o)
                0x1000579c                MXC_UART_RevB_Init
 .text.MXC_UART_RevB_SetFrequency
                0x10005804       0x7c c:/MaximSDK/Libraries/PeriphDrivers/bin/MAX78000/softfp/libPeriphDriver_softfp.a(uart_revb.o)
                0x10005804                MXC_UART_RevB_SetFrequency
 .text.MXC_UART_RevB_GetFrequency
                0x10005880       0x7c c:/MaximSDK/Libraries/PeriphDrivers/bin/MAX78000/softfp/libPeriphDriver_softfp.a(uart_revb.o)
                0x10005880                MXC_UART_RevB_GetFrequency
 .text.MXC_UART_RevB_SetDataSize
                0x100058fc       0x40 c:/MaximSDK/Libraries/PeriphDrivers/bin/MAX78000/softfp/libPeriphDriver_softfp.a(uart_revb.o)
                0x100058fc                MXC_UART_RevB_SetDataSize
 .text.MXC_UART_RevB_SetStopBits
                0x1000593c       0x44 c:/MaximSDK/Libraries/PeriphDrivers/bin/MAX78000/softfp/libPeriphDriver_softfp.a(uart_revb.o)
                0x1000593c                MXC_UART_RevB_SetStopBits
 .text.MXC_UART_RevB_SetParity
                0x10005980       0x94 c:/MaximSDK/Libraries/PeriphDrivers/bin/MAX78000/softfp/libPeriphDriver_softfp.a(uart_revb.o)
                0x10005980                MXC_UART_RevB_SetParity
 .text.MXC_UART_RevB_ReadCharacterRaw
                0x10005a14       0x38 c:/MaximSDK/Libraries/PeriphDrivers/bin/MAX78000/softfp/libPeriphDriver_softfp.a(uart_revb.o)
                0x10005a14                MXC_UART_RevB_ReadCharacterRaw
 .text.MXC_UART_RevB_WriteCharacterRaw
                0x10005a4c       0x3c c:/MaximSDK/Libraries/PeriphDrivers/bin/MAX78000/softfp/libPeriphDriver_softfp.a(uart_revb.o)
                0x10005a4c                MXC_UART_RevB_WriteCharacterRaw
 .text.MXC_UART_RevB_GetRXFIFOAvailable
                0x10005a88        0x8 c:/MaximSDK/Libraries/PeriphDrivers/bin/MAX78000/softfp/libPeriphDriver_softfp.a(uart_revb.o)
                0x10005a88                MXC_UART_RevB_GetRXFIFOAvailable
 .text.MXC_UART_RevB_GetTXFIFOAvailable
                0x10005a90        0xc c:/MaximSDK/Libraries/PeriphDrivers/bin/MAX78000/softfp/libPeriphDriver_softfp.a(uart_revb.o)
                0x10005a90                MXC_UART_RevB_GetTXFIFOAvailable
 .text.MXC_UART_RevB_SetRXThreshold
                0x10005a9c       0x3c c:/MaximSDK/Libraries/PeriphDrivers/bin/MAX78000/softfp/libPeriphDriver_softfp.a(uart_revb.o)
                0x10005a9c                MXC_UART_RevB_SetRXThreshold
 .text.MXC_GPIO_Common_Init
                0x10005ad8       0x34 c:/MaximSDK/Libraries/PeriphDrivers/bin/MAX78000/softfp/libPeriphDriver_softfp.a(gpio_common.o)
                0x10005ad8                MXC_GPIO_Common_Init
 .text.MXC_GPIO_Common_Handler
                0x10005b0c       0x84 c:/MaximSDK/Libraries/PeriphDrivers/bin/MAX78000/softfp/libPeriphDriver_softfp.a(gpio_common.o)
                0x10005b0c                MXC_GPIO_Common_Handler
 .text.MXC_TMR_Common_TO_Stop
                0x10005b90       0x14 c:/MaximSDK/Libraries/PeriphDrivers/bin/MAX78000/softfp/libPeriphDriver_softfp.a(tmr_common.o)
                0x10005b90                MXC_TMR_Common_TO_Stop
 .text.MXC_TMR_Common_SW_Start
                0x10005ba4        0x8 c:/MaximSDK/Libraries/PeriphDrivers/bin/MAX78000/softfp/libPeriphDriver_softfp.a(tmr_common.o)
                0x10005ba4                MXC_TMR_Common_SW_Start
 .text.MXC_TMR_Common_SW_Stop
                0x10005bac       0x14 c:/MaximSDK/Libraries/PeriphDrivers/bin/MAX78000/softfp/libPeriphDriver_softfp.a(tmr_common.o)
                0x10005bac                MXC_TMR_Common_SW_Stop
 .text.MXC_TMR_Common_TO_Elapsed
                0x10005bc0       0x40 c:/MaximSDK/Libraries/PeriphDrivers/bin/MAX78000/softfp/libPeriphDriver_softfp.a(tmr_common.o)
                0x10005bc0                MXC_TMR_Common_TO_Elapsed
 .text.__errno  0x10005c00        0xc c:/maximsdk/tools/gnutools/bin/../lib/gcc/arm-none-eabi/9.2.1/../../../../arm-none-eabi/lib/thumb/v7e-m+fp/softfp\libc.a(lib_a-errno.o)
                0x10005c00                __errno
 .text.__libc_init_array
                0x10005c0c       0x48 c:/maximsdk/tools/gnutools/bin/../lib/gcc/arm-none-eabi/9.2.1/../../../../arm-none-eabi/lib/thumb/v7e-m+fp/softfp\libc.a(lib_a-init.o)
                0x10005c0c                __libc_init_array
 .text._malloc_r
                0x10005c54      0x574 c:/maximsdk/tools/gnutools/bin/../lib/gcc/arm-none-eabi/9.2.1/../../../../arm-none-eabi/lib/thumb/v7e-m+fp/softfp\libc.a(lib_a-mallocr.o)
                0x10005c54                _malloc_r
 .text          0x100061c8      0x134 c:/maximsdk/tools/gnutools/bin/../lib/gcc/arm-none-eabi/9.2.1/../../../../arm-none-eabi/lib/thumb/v7e-m+fp/softfp\libc.a(lib_a-memcpy.o)
                0x100061c8                memcpy
 .text.memset   0x100062fc       0xa0 c:/maximsdk/tools/gnutools/bin/../lib/gcc/arm-none-eabi/9.2.1/../../../../arm-none-eabi/lib/thumb/v7e-m+fp/softfp\libc.a(lib_a-memset.o)
                0x100062fc                memset
 .text.__malloc_lock
                0x1000639c        0xc c:/maximsdk/tools/gnutools/bin/../lib/gcc/arm-none-eabi/9.2.1/../../../../arm-none-eabi/lib/thumb/v7e-m+fp/softfp\libc.a(lib_a-mlock.o)
                0x1000639c                __malloc_lock
 .text.__malloc_unlock
                0x100063a8        0xc c:/maximsdk/tools/gnutools/bin/../lib/gcc/arm-none-eabi/9.2.1/../../../../arm-none-eabi/lib/thumb/v7e-m+fp/softfp\libc.a(lib_a-mlock.o)
                0x100063a8                __malloc_unlock
 .text.printf   0x100063b4       0x28 c:/maximsdk/tools/gnutools/bin/../lib/gcc/arm-none-eabi/9.2.1/../../../../arm-none-eabi/lib/thumb/v7e-m+fp/softfp\libc.a(lib_a-printf.o)
                0x100063b4                printf
 .text._puts_r  0x100063dc       0x9c c:/maximsdk/tools/gnutools/bin/../lib/gcc/arm-none-eabi/9.2.1/../../../../arm-none-eabi/lib/thumb/v7e-m+fp/softfp\libc.a(lib_a-puts.o)
                0x100063dc                _puts_r
 .text.puts     0x10006478       0x10 c:/maximsdk/tools/gnutools/bin/../lib/gcc/arm-none-eabi/9.2.1/../../../../arm-none-eabi/lib/thumb/v7e-m+fp/softfp\libc.a(lib_a-puts.o)
                0x10006478                puts
 .text._sbrk_r  0x10006488       0x24 c:/maximsdk/tools/gnutools/bin/../lib/gcc/arm-none-eabi/9.2.1/../../../../arm-none-eabi/lib/thumb/v7e-m+fp/softfp\libc.a(lib_a-sbrkr.o)
                0x10006488                _sbrk_r
 .text.sprintf  0x100064ac       0x44 c:/maximsdk/tools/gnutools/bin/../lib/gcc/arm-none-eabi/9.2.1/../../../../arm-none-eabi/lib/thumb/v7e-m+fp/softfp\libc.a(lib_a-sprintf.o)
                0x100064ac                sprintf
 *fill*         0x100064f0       0x10 
 .text          0x10006500       0xdc c:/maximsdk/tools/gnutools/bin/../lib/gcc/arm-none-eabi/9.2.1/../../../../arm-none-eabi/lib/thumb/v7e-m+fp/softfp\libc.a(lib_a-strlen.o)
                0x10006500                strlen
 *fill*         0x100065dc        0x4 
 .text._svfprintf_r
                0x100065e0     0x1b34 c:/maximsdk/tools/gnutools/bin/../lib/gcc/arm-none-eabi/9.2.1/../../../../arm-none-eabi/lib/thumb/v7e-m+fp/softfp\libc.a(lib_a-svfprintf.o)
                0x100065e0                _svfprintf_r
 *fill*         0x10008114        0x4 
 .text._vfprintf_r
                0x10008118     0x1bdc c:/maximsdk/tools/gnutools/bin/../lib/gcc/arm-none-eabi/9.2.1/../../../../arm-none-eabi/lib/thumb/v7e-m+fp/softfp\libc.a(lib_a-vfprintf.o)
                0x10008118                _vfprintf_r
 .text.__sbprintf
                0x10009cf4       0x84 c:/maximsdk/tools/gnutools/bin/../lib/gcc/arm-none-eabi/9.2.1/../../../../arm-none-eabi/lib/thumb/v7e-m+fp/softfp\libc.a(lib_a-vfprintf.o)
 .text.__swsetup_r
                0x10009d78       0xd0 c:/maximsdk/tools/gnutools/bin/../lib/gcc/arm-none-eabi/9.2.1/../../../../arm-none-eabi/lib/thumb/v7e-m+fp/softfp\libc.a(lib_a-wsetup.o)
                0x10009d78                __swsetup_r
 .text.startup.register_fini
                0x10009e48       0x14 c:/maximsdk/tools/gnutools/bin/../lib/gcc/arm-none-eabi/9.2.1/../../../../arm-none-eabi/lib/thumb/v7e-m+fp/softfp\libc.a(lib_a-__call_atexit.o)
 .text.atexit   0x10009e5c        0xc c:/maximsdk/tools/gnutools/bin/../lib/gcc/arm-none-eabi/9.2.1/../../../../arm-none-eabi/lib/thumb/v7e-m+fp/softfp\libc.a(lib_a-atexit.o)
                0x10009e5c                atexit
 .text.quorem   0x10009e68      0x11c c:/maximsdk/tools/gnutools/bin/../lib/gcc/arm-none-eabi/9.2.1/../../../../arm-none-eabi/lib/thumb/v7e-m+fp/softfp\libc.a(lib_a-dtoa.o)
 *fill*         0x10009f84        0x4 
 .text._dtoa_r  0x10009f88      0xeec c:/maximsdk/tools/gnutools/bin/../lib/gcc/arm-none-eabi/9.2.1/../../../../arm-none-eabi/lib/thumb/v7e-m+fp/softfp\libc.a(lib_a-dtoa.o)
                0x10009f88                _dtoa_r
 .text.__sflush_r
                0x1000ae74      0x130 c:/maximsdk/tools/gnutools/bin/../lib/gcc/arm-none-eabi/9.2.1/../../../../arm-none-eabi/lib/thumb/v7e-m+fp/softfp\libc.a(lib_a-fflush.o)
                0x1000ae74                __sflush_r
 .text._fflush_r
                0x1000afa4       0x5c c:/maximsdk/tools/gnutools/bin/../lib/gcc/arm-none-eabi/9.2.1/../../../../arm-none-eabi/lib/thumb/v7e-m+fp/softfp\libc.a(lib_a-fflush.o)
                0x1000afa4                _fflush_r
 .text.std      0x1000b000       0x50 c:/maximsdk/tools/gnutools/bin/../lib/gcc/arm-none-eabi/9.2.1/../../../../arm-none-eabi/lib/thumb/v7e-m+fp/softfp\libc.a(lib_a-findfp.o)
 .text._cleanup_r
                0x1000b050        0xc c:/maximsdk/tools/gnutools/bin/../lib/gcc/arm-none-eabi/9.2.1/../../../../arm-none-eabi/lib/thumb/v7e-m+fp/softfp\libc.a(lib_a-findfp.o)
                0x1000b050                _cleanup_r
 .text.__sinit  0x1000b05c       0x54 c:/maximsdk/tools/gnutools/bin/../lib/gcc/arm-none-eabi/9.2.1/../../../../arm-none-eabi/lib/thumb/v7e-m+fp/softfp\libc.a(lib_a-findfp.o)
                0x1000b05c                __sinit
 .text.__sfp_lock_acquire
                0x1000b0b0        0xc c:/maximsdk/tools/gnutools/bin/../lib/gcc/arm-none-eabi/9.2.1/../../../../arm-none-eabi/lib/thumb/v7e-m+fp/softfp\libc.a(lib_a-findfp.o)
                0x1000b0b0                __sfp_lock_acquire
 .text.__sfp_lock_release
                0x1000b0bc        0xc c:/maximsdk/tools/gnutools/bin/../lib/gcc/arm-none-eabi/9.2.1/../../../../arm-none-eabi/lib/thumb/v7e-m+fp/softfp\libc.a(lib_a-findfp.o)
                0x1000b0bc                __sfp_lock_release
 .text.__libc_fini_array
                0x1000b0c8       0x2c c:/maximsdk/tools/gnutools/bin/../lib/gcc/arm-none-eabi/9.2.1/../../../../arm-none-eabi/lib/thumb/v7e-m+fp/softfp\libc.a(lib_a-fini.o)
                0x1000b0c8                __libc_fini_array
 .text._malloc_trim_r
                0x1000b0f4       0xa0 c:/maximsdk/tools/gnutools/bin/../lib/gcc/arm-none-eabi/9.2.1/../../../../arm-none-eabi/lib/thumb/v7e-m+fp/softfp\libc.a(lib_a-freer.o)
                0x1000b0f4                _malloc_trim_r
 .text._free_r  0x1000b194      0x208 c:/maximsdk/tools/gnutools/bin/../lib/gcc/arm-none-eabi/9.2.1/../../../../arm-none-eabi/lib/thumb/v7e-m+fp/softfp\libc.a(lib_a-freer.o)
                0x1000b194                _free_r
 .text.__sfvwrite_r
                0x1000b39c      0x2e0 c:/maximsdk/tools/gnutools/bin/../lib/gcc/arm-none-eabi/9.2.1/../../../../arm-none-eabi/lib/thumb/v7e-m+fp/softfp\libc.a(lib_a-fvwrite.o)
                0x1000b39c                __sfvwrite_r
 .text._fwalk_reent
                0x1000b67c       0x48 c:/maximsdk/tools/gnutools/bin/../lib/gcc/arm-none-eabi/9.2.1/../../../../arm-none-eabi/lib/thumb/v7e-m+fp/softfp\libc.a(lib_a-fwalk.o)
                0x1000b67c                _fwalk_reent
 .text._localeconv_r
                0x1000b6c4        0x8 c:/maximsdk/tools/gnutools/bin/../lib/gcc/arm-none-eabi/9.2.1/../../../../arm-none-eabi/lib/thumb/v7e-m+fp/softfp\libc.a(lib_a-localeconv.o)
                0x1000b6c4                _localeconv_r
 .text.__retarget_lock_init_recursive
                0x1000b6cc        0x4 c:/maximsdk/tools/gnutools/bin/../lib/gcc/arm-none-eabi/9.2.1/../../../../arm-none-eabi/lib/thumb/v7e-m+fp/softfp\libc.a(lib_a-lock.o)
                0x1000b6cc                __retarget_lock_init_recursive
 .text.__retarget_lock_close_recursive
                0x1000b6d0        0x4 c:/maximsdk/tools/gnutools/bin/../lib/gcc/arm-none-eabi/9.2.1/../../../../arm-none-eabi/lib/thumb/v7e-m+fp/softfp\libc.a(lib_a-lock.o)
                0x1000b6d0                __retarget_lock_close_recursive
 .text.__retarget_lock_acquire_recursive
                0x1000b6d4        0x4 c:/maximsdk/tools/gnutools/bin/../lib/gcc/arm-none-eabi/9.2.1/../../../../arm-none-eabi/lib/thumb/v7e-m+fp/softfp\libc.a(lib_a-lock.o)
                0x1000b6d4                __retarget_lock_acquire_recursive
 .text.__retarget_lock_release_recursive
                0x1000b6d8        0x4 c:/maximsdk/tools/gnutools/bin/../lib/gcc/arm-none-eabi/9.2.1/../../../../arm-none-eabi/lib/thumb/v7e-m+fp/softfp\libc.a(lib_a-lock.o)
                0x1000b6d8                __retarget_lock_release_recursive
 .text.__swhatbuf_r
                0x1000b6dc       0x5c c:/maximsdk/tools/gnutools/bin/../lib/gcc/arm-none-eabi/9.2.1/../../../../arm-none-eabi/lib/thumb/v7e-m+fp/softfp\libc.a(lib_a-makebuf.o)
                0x1000b6dc                __swhatbuf_r
 .text.__smakebuf_r
                0x1000b738       0x98 c:/maximsdk/tools/gnutools/bin/../lib/gcc/arm-none-eabi/9.2.1/../../../../arm-none-eabi/lib/thumb/v7e-m+fp/softfp\libc.a(lib_a-makebuf.o)
                0x1000b738                __smakebuf_r
 .text          0x1000b7d0       0xa0 c:/maximsdk/tools/gnutools/bin/../lib/gcc/arm-none-eabi/9.2.1/../../../../arm-none-eabi/lib/thumb/v7e-m+fp/softfp\libc.a(lib_a-memchr.o)
                0x1000b7d0                memchr
 .text.memmove  0x1000b870       0xd8 c:/maximsdk/tools/gnutools/bin/../lib/gcc/arm-none-eabi/9.2.1/../../../../arm-none-eabi/lib/thumb/v7e-m+fp/softfp\libc.a(lib_a-memmove.o)
                0x1000b870                memmove
 .text._Balloc  0x1000b948       0x4c c:/maximsdk/tools/gnutools/bin/../lib/gcc/arm-none-eabi/9.2.1/../../../../arm-none-eabi/lib/thumb/v7e-m+fp/softfp\libc.a(lib_a-mprec.o)
                0x1000b948                _Balloc
 .text._Bfree   0x1000b994       0x14 c:/maximsdk/tools/gnutools/bin/../lib/gcc/arm-none-eabi/9.2.1/../../../../arm-none-eabi/lib/thumb/v7e-m+fp/softfp\libc.a(lib_a-mprec.o)
                0x1000b994                _Bfree
 .text.__multadd
                0x1000b9a8       0x8c c:/maximsdk/tools/gnutools/bin/../lib/gcc/arm-none-eabi/9.2.1/../../../../arm-none-eabi/lib/thumb/v7e-m+fp/softfp\libc.a(lib_a-mprec.o)
                0x1000b9a8                __multadd
 .text.__hi0bits
                0x1000ba34       0x40 c:/maximsdk/tools/gnutools/bin/../lib/gcc/arm-none-eabi/9.2.1/../../../../arm-none-eabi/lib/thumb/v7e-m+fp/softfp\libc.a(lib_a-mprec.o)
                0x1000ba34                __hi0bits
 .text.__lo0bits
                0x1000ba74       0x60 c:/maximsdk/tools/gnutools/bin/../lib/gcc/arm-none-eabi/9.2.1/../../../../arm-none-eabi/lib/thumb/v7e-m+fp/softfp\libc.a(lib_a-mprec.o)
                0x1000ba74                __lo0bits
 .text.__i2b    0x1000bad4       0x14 c:/maximsdk/tools/gnutools/bin/../lib/gcc/arm-none-eabi/9.2.1/../../../../arm-none-eabi/lib/thumb/v7e-m+fp/softfp\libc.a(lib_a-mprec.o)
                0x1000bad4                __i2b
 .text.__multiply
                0x1000bae8      0x144 c:/maximsdk/tools/gnutools/bin/../lib/gcc/arm-none-eabi/9.2.1/../../../../arm-none-eabi/lib/thumb/v7e-m+fp/softfp\libc.a(lib_a-mprec.o)
                0x1000bae8                __multiply
 .text.__pow5mult
                0x1000bc2c       0xa0 c:/maximsdk/tools/gnutools/bin/../lib/gcc/arm-none-eabi/9.2.1/../../../../arm-none-eabi/lib/thumb/v7e-m+fp/softfp\libc.a(lib_a-mprec.o)
                0x1000bc2c                __pow5mult
 .text.__lshift
                0x1000bccc       0xd4 c:/maximsdk/tools/gnutools/bin/../lib/gcc/arm-none-eabi/9.2.1/../../../../arm-none-eabi/lib/thumb/v7e-m+fp/softfp\libc.a(lib_a-mprec.o)
                0x1000bccc                __lshift
 .text.__mcmp   0x1000bda0       0x3c c:/maximsdk/tools/gnutools/bin/../lib/gcc/arm-none-eabi/9.2.1/../../../../arm-none-eabi/lib/thumb/v7e-m+fp/softfp\libc.a(lib_a-mprec.o)
                0x1000bda0                __mcmp
 .text.__mdiff  0x1000bddc      0x138 c:/maximsdk/tools/gnutools/bin/../lib/gcc/arm-none-eabi/9.2.1/../../../../arm-none-eabi/lib/thumb/v7e-m+fp/softfp\libc.a(lib_a-mprec.o)
                0x1000bddc                __mdiff
 .text.__d2b    0x1000bf14       0xbc c:/maximsdk/tools/gnutools/bin/../lib/gcc/arm-none-eabi/9.2.1/../../../../arm-none-eabi/lib/thumb/v7e-m+fp/softfp\libc.a(lib_a-mprec.o)
                0x1000bf14                __d2b
 .text._realloc_r
                0x1000bfd0      0x3e0 c:/maximsdk/tools/gnutools/bin/../lib/gcc/arm-none-eabi/9.2.1/../../../../arm-none-eabi/lib/thumb/v7e-m+fp/softfp\libc.a(lib_a-reallocr.o)
                0x1000bfd0                _realloc_r
 .text.frexp    0x1000c3b0       0x70 c:/maximsdk/tools/gnutools/bin/../lib/gcc/arm-none-eabi/9.2.1/../../../../arm-none-eabi/lib/thumb/v7e-m+fp/softfp\libc.a(lib_a-s_frexp.o)
                0x1000c3b0                frexp
 .text.__sread  0x1000c420       0x24 c:/maximsdk/tools/gnutools/bin/../lib/gcc/arm-none-eabi/9.2.1/../../../../arm-none-eabi/lib/thumb/v7e-m+fp/softfp\libc.a(lib_a-stdio.o)
                0x1000c420                __sread
 .text.__swrite
                0x1000c444       0x40 c:/maximsdk/tools/gnutools/bin/../lib/gcc/arm-none-eabi/9.2.1/../../../../arm-none-eabi/lib/thumb/v7e-m+fp/softfp\libc.a(lib_a-stdio.o)
                0x1000c444                __swrite
 .text.__sseek  0x1000c484       0x20 c:/maximsdk/tools/gnutools/bin/../lib/gcc/arm-none-eabi/9.2.1/../../../../arm-none-eabi/lib/thumb/v7e-m+fp/softfp\libc.a(lib_a-stdio.o)
                0x1000c484                __sseek
 .text.__sclose
                0x1000c4a4        0x8 c:/maximsdk/tools/gnutools/bin/../lib/gcc/arm-none-eabi/9.2.1/../../../../arm-none-eabi/lib/thumb/v7e-m+fp/softfp\libc.a(lib_a-stdio.o)
                0x1000c4a4                __sclose
 .text.strncpy  0x1000c4ac       0x68 c:/maximsdk/tools/gnutools/bin/../lib/gcc/arm-none-eabi/9.2.1/../../../../arm-none-eabi/lib/thumb/v7e-m+fp/softfp\libc.a(lib_a-strncpy.o)
                0x1000c4ac                strncpy
 .text.__ssprint_r
                0x1000c514       0xf8 c:/maximsdk/tools/gnutools/bin/../lib/gcc/arm-none-eabi/9.2.1/../../../../arm-none-eabi/lib/thumb/v7e-m+fp/softfp\libc.a(lib_a-svfiprintf.o)
                0x1000c514                __ssprint_r
 .text.__sprint_r.part.0
                0x1000c60c       0x78 c:/maximsdk/tools/gnutools/bin/../lib/gcc/arm-none-eabi/9.2.1/../../../../arm-none-eabi/lib/thumb/v7e-m+fp/softfp\libc.a(lib_a-vfiprintf.o)
 .text.__sprint_r
                0x1000c684       0x18 c:/maximsdk/tools/gnutools/bin/../lib/gcc/arm-none-eabi/9.2.1/../../../../arm-none-eabi/lib/thumb/v7e-m+fp/softfp\libc.a(lib_a-vfiprintf.o)
                0x1000c684                __sprint_r
 .text._write_r
                0x1000c69c       0x2c c:/maximsdk/tools/gnutools/bin/../lib/gcc/arm-none-eabi/9.2.1/../../../../arm-none-eabi/lib/thumb/v7e-m+fp/softfp\libc.a(lib_a-writer.o)
                0x1000c69c                _write_r
 .text.__register_exitproc
                0x1000c6c8       0x8c c:/maximsdk/tools/gnutools/bin/../lib/gcc/arm-none-eabi/9.2.1/../../../../arm-none-eabi/lib/thumb/v7e-m+fp/softfp\libc.a(lib_a-__atexit.o)
                0x1000c6c8                __register_exitproc
 .text._calloc_r
                0x1000c754       0x60 c:/maximsdk/tools/gnutools/bin/../lib/gcc/arm-none-eabi/9.2.1/../../../../arm-none-eabi/lib/thumb/v7e-m+fp/softfp\libc.a(lib_a-callocr.o)
                0x1000c754                _calloc_r
 .text._close_r
                0x1000c7b4       0x24 c:/maximsdk/tools/gnutools/bin/../lib/gcc/arm-none-eabi/9.2.1/../../../../arm-none-eabi/lib/thumb/v7e-m+fp/softfp\libc.a(lib_a-closer.o)
                0x1000c7b4                _close_r
 .text._fclose_r
                0x1000c7d8       0xcc c:/maximsdk/tools/gnutools/bin/../lib/gcc/arm-none-eabi/9.2.1/../../../../arm-none-eabi/lib/thumb/v7e-m+fp/softfp\libc.a(lib_a-fclose.o)
                0x1000c7d8                _fclose_r
 .text.__fputwc
                0x1000c8a4       0xa8 c:/maximsdk/tools/gnutools/bin/../lib/gcc/arm-none-eabi/9.2.1/../../../../arm-none-eabi/lib/thumb/v7e-m+fp/softfp\libc.a(lib_a-fputwc.o)
                0x1000c8a4                __fputwc
 .text._fputwc_r
                0x1000c94c       0x68 c:/maximsdk/tools/gnutools/bin/../lib/gcc/arm-none-eabi/9.2.1/../../../../arm-none-eabi/lib/thumb/v7e-m+fp/softfp\libc.a(lib_a-fputwc.o)
                0x1000c94c                _fputwc_r
 .text._fstat_r
                0x1000c9b4       0x2c c:/maximsdk/tools/gnutools/bin/../lib/gcc/arm-none-eabi/9.2.1/../../../../arm-none-eabi/lib/thumb/v7e-m+fp/softfp\libc.a(lib_a-fstatr.o)
                0x1000c9b4                _fstat_r
 .text._isatty_r
                0x1000c9e0       0x24 c:/maximsdk/tools/gnutools/bin/../lib/gcc/arm-none-eabi/9.2.1/../../../../arm-none-eabi/lib/thumb/v7e-m+fp/softfp\libc.a(lib_a-isattyr.o)
                0x1000c9e0                _isatty_r
 .text.__locale_mb_cur_max
                0x1000ca04        0xc c:/maximsdk/tools/gnutools/bin/../lib/gcc/arm-none-eabi/9.2.1/../../../../arm-none-eabi/lib/thumb/v7e-m+fp/softfp\libc.a(lib_a-locale.o)
                0x1000ca04                __locale_mb_cur_max
 .text._lseek_r
                0x1000ca10       0x2c c:/maximsdk/tools/gnutools/bin/../lib/gcc/arm-none-eabi/9.2.1/../../../../arm-none-eabi/lib/thumb/v7e-m+fp/softfp\libc.a(lib_a-lseekr.o)
                0x1000ca10                _lseek_r
 .text.__ascii_mbtowc
                0x1000ca3c       0x2c c:/maximsdk/tools/gnutools/bin/../lib/gcc/arm-none-eabi/9.2.1/../../../../arm-none-eabi/lib/thumb/v7e-m+fp/softfp\libc.a(lib_a-mbtowc_r.o)
                0x1000ca3c                __ascii_mbtowc
 .text._read_r  0x1000ca68       0x2c c:/maximsdk/tools/gnutools/bin/../lib/gcc/arm-none-eabi/9.2.1/../../../../arm-none-eabi/lib/thumb/v7e-m+fp/softfp\libc.a(lib_a-readr.o)
                0x1000ca68                _read_r
 .text.__swbuf_r
                0x1000ca94       0xb0 c:/maximsdk/tools/gnutools/bin/../lib/gcc/arm-none-eabi/9.2.1/../../../../arm-none-eabi/lib/thumb/v7e-m+fp/softfp\libc.a(lib_a-wbuf.o)
                0x1000ca94                __swbuf_r
 .text._wcrtomb_r
                0x1000cb44       0x3c c:/maximsdk/tools/gnutools/bin/../lib/gcc/arm-none-eabi/9.2.1/../../../../arm-none-eabi/lib/thumb/v7e-m+fp/softfp\libc.a(lib_a-wcrtomb.o)
                0x1000cb44                _wcrtomb_r
 .text.__ascii_wctomb
                0x1000cb80       0x1c c:/maximsdk/tools/gnutools/bin/../lib/gcc/arm-none-eabi/9.2.1/../../../../arm-none-eabi/lib/thumb/v7e-m+fp/softfp\libc.a(lib_a-wctomb_r.o)
                0x1000cb80                __ascii_wctomb
 .text          0x1000cb9c      0x378 c:/maximsdk/tools/gnutools/bin/../lib/gcc/arm-none-eabi/9.2.1/thumb/v7e-m+fp/softfp\libgcc.a(_arm_addsubdf3.o)
                0x1000cb9c                __aeabi_drsub
                0x1000cba4                __aeabi_dsub
                0x1000cba4                __subdf3
                0x1000cba8                __aeabi_dadd
                0x1000cba8                __adddf3
                0x1000ce20                __floatunsidf
                0x1000ce20                __aeabi_ui2d
                0x1000ce40                __floatsidf
                0x1000ce40                __aeabi_i2d
                0x1000ce64                __aeabi_f2d
                0x1000ce64                __extendsfdf2
                0x1000cea8                __floatundidf
                0x1000cea8                __aeabi_ul2d
                0x1000ceb8                __floatdidf
                0x1000ceb8                __aeabi_l2d
 .text          0x1000cf14      0x424 c:/maximsdk/tools/gnutools/bin/../lib/gcc/arm-none-eabi/9.2.1/thumb/v7e-m+fp/softfp\libgcc.a(_arm_muldivdf3.o)
                0x1000cf14                __aeabi_dmul
                0x1000cf14                __muldf3
                0x1000d168                __divdf3
                0x1000d168                __aeabi_ddiv
 .text          0x1000d338      0x110 c:/maximsdk/tools/gnutools/bin/../lib/gcc/arm-none-eabi/9.2.1/thumb/v7e-m+fp/softfp\libgcc.a(_arm_cmpdf2.o)
                0x1000d338                __gtdf2
                0x1000d338                __gedf2
                0x1000d340                __ltdf2
                0x1000d340                __ledf2
                0x1000d348                __nedf2
                0x1000d348                __eqdf2
                0x1000d348                __cmpdf2
                0x1000d3c4                __aeabi_cdrcmple
                0x1000d3d4                __aeabi_cdcmpeq
                0x1000d3d4                __aeabi_cdcmple
                0x1000d3e4                __aeabi_dcmpeq
                0x1000d3f8                __aeabi_dcmplt
                0x1000d40c                __aeabi_dcmple
                0x1000d420                __aeabi_dcmpge
                0x1000d434                __aeabi_dcmpgt
 .text          0x1000d448       0x2c c:/maximsdk/tools/gnutools/bin/../lib/gcc/arm-none-eabi/9.2.1/thumb/v7e-m+fp/softfp\libgcc.a(_arm_unorddf2.o)
                0x1000d448                __unorddf2
                0x1000d448                __aeabi_dcmpun
 .text          0x1000d474       0x50 c:/maximsdk/tools/gnutools/bin/../lib/gcc/arm-none-eabi/9.2.1/thumb/v7e-m+fp/softfp\libgcc.a(_arm_fixdfsi.o)
                0x1000d474                __aeabi_d2iz
                0x1000d474                __fixdfsi
 .text          0x1000d4c4       0xa0 c:/maximsdk/tools/gnutools/bin/../lib/gcc/arm-none-eabi/9.2.1/thumb/v7e-m+fp/softfp\libgcc.a(_aeabi_ldivmod.o)
                0x1000d4c4                __aeabi_ldivmod
 .text          0x1000d564       0x30 c:/maximsdk/tools/gnutools/bin/../lib/gcc/arm-none-eabi/9.2.1/thumb/v7e-m+fp/softfp\libgcc.a(_aeabi_uldivmod.o)
                0x1000d564                __aeabi_uldivmod
 .text          0x1000d594      0x2c4 c:/maximsdk/tools/gnutools/bin/../lib/gcc/arm-none-eabi/9.2.1/thumb/v7e-m+fp/softfp\libgcc.a(_udivmoddi4.o)
                0x1000d594                __udivmoddi4
 .text          0x1000d858        0x4 c:/maximsdk/tools/gnutools/bin/../lib/gcc/arm-none-eabi/9.2.1/thumb/v7e-m+fp/softfp\libgcc.a(_dvmd_tls.o)
                0x1000d858                __aeabi_idiv0
                0x1000d858                __aeabi_ldiv0
 *(.rodata*)
 .rodata.I2SInit.str1.4
                0x1000d85c       0x30 c:/Users/Home/eclipse-workspace/Sneakers/build/main.o
 .rodata.check_inference.str1.4
                0x1000d88c       0x6d c:/Users/Home/eclipse-workspace/Sneakers/build/main.o
 *fill*         0x1000d8f9        0x3 
 .rodata.fail.str1.4
                0x1000d8fc        0xf c:/Users/Home/eclipse-workspace/Sneakers/build/main.o
 *fill*         0x1000d90b        0x1 
 .rodata.AddTranspose.str1.4
                0x1000d90c       0x14 c:/Users/Home/eclipse-workspace/Sneakers/build/main.o
 .rodata.TFT_Intro.str1.4
                0x1000d920       0xe5 c:/Users/Home/eclipse-workspace/Sneakers/build/main.o
 *fill*         0x1000da05        0x3 
 .rodata.TFT_End.str1.4
                0x1000da08       0x42 c:/Users/Home/eclipse-workspace/Sneakers/build/main.o
 *fill*         0x1000da4a        0x2 
 .rodata.main.str1.4
                0x1000da4c      0x394 c:/Users/Home/eclipse-workspace/Sneakers/build/main.o
 .rodata        0x1000dde0        0xc c:/Users/Home/eclipse-workspace/Sneakers/build/main.o
 .rodata.keywords
                0x1000ddec       0xd2 c:/Users/Home/eclipse-workspace/Sneakers/build/main.o
                0x1000ddec                keywords
 *fill*         0x1000debe        0x2 
 .rodata.kernels_0
                0x1000dec0      0xd28 c:/Users/Home/eclipse-workspace/Sneakers/build/cnn.o
 .rodata.kernels_1
                0x1000ebe8      0xd28 c:/Users/Home/eclipse-workspace/Sneakers/build/cnn.o
 .rodata.kernels_10
                0x1000f910      0xd28 c:/Users/Home/eclipse-workspace/Sneakers/build/cnn.o
 .rodata.kernels_11
                0x10010638      0xd28 c:/Users/Home/eclipse-workspace/Sneakers/build/cnn.o
 .rodata.kernels_12
                0x10011360      0xd28 c:/Users/Home/eclipse-workspace/Sneakers/build/cnn.o
 .rodata.kernels_13
                0x10012088      0xd28 c:/Users/Home/eclipse-workspace/Sneakers/build/cnn.o
 .rodata.kernels_14
                0x10012db0      0xd28 c:/Users/Home/eclipse-workspace/Sneakers/build/cnn.o
 .rodata.kernels_15
                0x10013ad8      0xd28 c:/Users/Home/eclipse-workspace/Sneakers/build/cnn.o
 .rodata.kernels_16
                0x10014800      0xd28 c:/Users/Home/eclipse-workspace/Sneakers/build/cnn.o
 .rodata.kernels_17
                0x10015528      0xd28 c:/Users/Home/eclipse-workspace/Sneakers/build/cnn.o
 .rodata.kernels_18
                0x10016250      0xd28 c:/Users/Home/eclipse-workspace/Sneakers/build/cnn.o
 .rodata.kernels_19
                0x10016f78      0xd28 c:/Users/Home/eclipse-workspace/Sneakers/build/cnn.o
 .rodata.kernels_2
                0x10017ca0      0xd28 c:/Users/Home/eclipse-workspace/Sneakers/build/cnn.o
 .rodata.kernels_20
                0x100189c8      0xd28 c:/Users/Home/eclipse-workspace/Sneakers/build/cnn.o
 .rodata.kernels_21
                0x100196f0      0xd28 c:/Users/Home/eclipse-workspace/Sneakers/build/cnn.o
 .rodata.kernels_22
                0x1001a418      0xd28 c:/Users/Home/eclipse-workspace/Sneakers/build/cnn.o
 .rodata.kernels_23
                0x1001b140      0xd28 c:/Users/Home/eclipse-workspace/Sneakers/build/cnn.o
 .rodata.kernels_24
                0x1001be68      0xd28 c:/Users/Home/eclipse-workspace/Sneakers/build/cnn.o
 .rodata.kernels_25
                0x1001cb90      0xd28 c:/Users/Home/eclipse-workspace/Sneakers/build/cnn.o
 .rodata.kernels_26
                0x1001d8b8      0xd28 c:/Users/Home/eclipse-workspace/Sneakers/build/cnn.o
 .rodata.kernels_27
                0x1001e5e0      0xd28 c:/Users/Home/eclipse-workspace/Sneakers/build/cnn.o
 .rodata.kernels_28
                0x1001f308      0xd28 c:/Users/Home/eclipse-workspace/Sneakers/build/cnn.o
 .rodata.kernels_29
                0x10020030      0xd28 c:/Users/Home/eclipse-workspace/Sneakers/build/cnn.o
 .rodata.kernels_3
                0x10020d58      0xd28 c:/Users/Home/eclipse-workspace/Sneakers/build/cnn.o
 .rodata.kernels_30
                0x10021a80      0xd28 c:/Users/Home/eclipse-workspace/Sneakers/build/cnn.o
 .rodata.kernels_31
                0x100227a8      0xd28 c:/Users/Home/eclipse-workspace/Sneakers/build/cnn.o
 .rodata.kernels_32
                0x100234d0      0xd28 c:/Users/Home/eclipse-workspace/Sneakers/build/cnn.o
 .rodata.kernels_33
                0x100241f8      0xd28 c:/Users/Home/eclipse-workspace/Sneakers/build/cnn.o
 .rodata.kernels_34
                0x10024f20      0xd28 c:/Users/Home/eclipse-workspace/Sneakers/build/cnn.o
 .rodata.kernels_35
                0x10025c48      0xd28 c:/Users/Home/eclipse-workspace/Sneakers/build/cnn.o
 .rodata.kernels_36
                0x10026970      0xd28 c:/Users/Home/eclipse-workspace/Sneakers/build/cnn.o
 .rodata.kernels_37
                0x10027698      0xd28 c:/Users/Home/eclipse-workspace/Sneakers/build/cnn.o
 .rodata.kernels_38
                0x100283c0      0xd28 c:/Users/Home/eclipse-workspace/Sneakers/build/cnn.o
 .rodata.kernels_39
                0x100290e8      0xd28 c:/Users/Home/eclipse-workspace/Sneakers/build/cnn.o
 .rodata.kernels_4
                0x10029e10      0xd28 c:/Users/Home/eclipse-workspace/Sneakers/build/cnn.o
 .rodata.kernels_40
                0x1002ab38      0xd28 c:/Users/Home/eclipse-workspace/Sneakers/build/cnn.o
 .rodata.kernels_41
                0x1002b860      0xd28 c:/Users/Home/eclipse-workspace/Sneakers/build/cnn.o
 .rodata.kernels_42
                0x1002c588      0xd28 c:/Users/Home/eclipse-workspace/Sneakers/build/cnn.o
 .rodata.kernels_43
                0x1002d2b0      0xd28 c:/Users/Home/eclipse-workspace/Sneakers/build/cnn.o
 .rodata.kernels_44
                0x1002dfd8      0xd28 c:/Users/Home/eclipse-workspace/Sneakers/build/cnn.o
 .rodata.kernels_45
                0x1002ed00      0xd28 c:/Users/Home/eclipse-workspace/Sneakers/build/cnn.o
 .rodata.kernels_46
                0x1002fa28      0xd28 c:/Users/Home/eclipse-workspace/Sneakers/build/cnn.o
 .rodata.kernels_47
                0x10030750      0xd28 c:/Users/Home/eclipse-workspace/Sneakers/build/cnn.o
 .rodata.kernels_48
                0x10031478      0xd28 c:/Users/Home/eclipse-workspace/Sneakers/build/cnn.o
 .rodata.kernels_49
                0x100321a0      0xd28 c:/Users/Home/eclipse-workspace/Sneakers/build/cnn.o
 .rodata.kernels_5
                0x10032ec8      0xd28 c:/Users/Home/eclipse-workspace/Sneakers/build/cnn.o
 .rodata.kernels_50
                0x10033bf0      0xd28 c:/Users/Home/eclipse-workspace/Sneakers/build/cnn.o
 .rodata.kernels_51
                0x10034918      0xd28 c:/Users/Home/eclipse-workspace/Sneakers/build/cnn.o
 .rodata.kernels_52
                0x10035640      0xd28 c:/Users/Home/eclipse-workspace/Sneakers/build/cnn.o
 .rodata.kernels_53
                0x10036368      0xd28 c:/Users/Home/eclipse-workspace/Sneakers/build/cnn.o
 .rodata.kernels_54
                0x10037090      0xd28 c:/Users/Home/eclipse-workspace/Sneakers/build/cnn.o
 .rodata.kernels_55
                0x10037db8      0xd28 c:/Users/Home/eclipse-workspace/Sneakers/build/cnn.o
 .rodata.kernels_56
                0x10038ae0      0xd28 c:/Users/Home/eclipse-workspace/Sneakers/build/cnn.o
 .rodata.kernels_57
                0x10039808      0xd28 c:/Users/Home/eclipse-workspace/Sneakers/build/cnn.o
 .rodata.kernels_58
                0x1003a530      0xd28 c:/Users/Home/eclipse-workspace/Sneakers/build/cnn.o
 .rodata.kernels_59
                0x1003b258      0xd28 c:/Users/Home/eclipse-workspace/Sneakers/build/cnn.o
 .rodata.kernels_6
                0x1003bf80      0xd28 c:/Users/Home/eclipse-workspace/Sneakers/build/cnn.o
 .rodata.kernels_60
                0x1003cca8      0xd28 c:/Users/Home/eclipse-workspace/Sneakers/build/cnn.o
 .rodata.kernels_61
                0x1003d9d0      0xd28 c:/Users/Home/eclipse-workspace/Sneakers/build/cnn.o
 .rodata.kernels_62
                0x1003e6f8      0xd28 c:/Users/Home/eclipse-workspace/Sneakers/build/cnn.o
 .rodata.kernels_63
                0x1003f420      0xd28 c:/Users/Home/eclipse-workspace/Sneakers/build/cnn.o
 .rodata.kernels_7
                0x10040148      0xd28 c:/Users/Home/eclipse-workspace/Sneakers/build/cnn.o
 .rodata.kernels_8
                0x10040e70      0xd28 c:/Users/Home/eclipse-workspace/Sneakers/build/cnn.o
 .rodata.kernels_9
                0x10041b98      0xd28 c:/Users/Home/eclipse-workspace/Sneakers/build/cnn.o
 .rodata.mxc_assert.str1.4
                0x100428c0       0x19 c:/Users/Home/eclipse-workspace/Sneakers/build/board.o
 *fill*         0x100428d9        0x3 
 .rodata.Board_Init.str1.4
                0x100428dc       0x45 c:/Users/Home/eclipse-workspace/Sneakers/build/board.o
 *fill*         0x10042921        0x3 
 .rodata.led_pin
                0x10042924       0x18 c:/Users/Home/eclipse-workspace/Sneakers/build/board.o
                0x10042924                led_pin
 .rodata.num_leds
                0x1004293c        0x4 c:/Users/Home/eclipse-workspace/Sneakers/build/board.o
                0x1004293c                num_leds
 .rodata.num_pbs
                0x10042940        0x4 c:/Users/Home/eclipse-workspace/Sneakers/build/board.o
                0x10042940                num_pbs
 .rodata.pb_pin
                0x10042944       0x18 c:/Users/Home/eclipse-workspace/Sneakers/build/board.o
                0x10042944                pb_pin
 .rodata.LED_On.str1.4
                0x1004295c       0x4f c:/Users/Home/eclipse-workspace/Sneakers/build/led.o
 *fill*         0x100429ab        0x1 
 .rodata.PB_RegisterCallback.str1.4
                0x100429ac       0x4d c:/Users/Home/eclipse-workspace/Sneakers/build/pb.o
 *fill*         0x100429f9        0x3 
 .rodata.gpio_cfg_i2s0
                0x100429fc        0xc c:/MaximSDK/Libraries/PeriphDrivers/bin/MAX78000/softfp/libPeriphDriver_softfp.a(pins_ai85.o)
                0x100429fc                gpio_cfg_i2s0
 .rodata.gpio_cfg_i2s0_extclk
                0x10042a08        0xc c:/MaximSDK/Libraries/PeriphDrivers/bin/MAX78000/softfp/libPeriphDriver_softfp.a(pins_ai85.o)
                0x10042a08                gpio_cfg_i2s0_extclk
 .rodata.gpio_cfg_tmr0
                0x10042a14        0xc c:/MaximSDK/Libraries/PeriphDrivers/bin/MAX78000/softfp/libPeriphDriver_softfp.a(pins_ai85.o)
                0x10042a14                gpio_cfg_tmr0
 .rodata.gpio_cfg_tmr0b
                0x10042a20        0xc c:/MaximSDK/Libraries/PeriphDrivers/bin/MAX78000/softfp/libPeriphDriver_softfp.a(pins_ai85.o)
                0x10042a20                gpio_cfg_tmr0b
 .rodata.gpio_cfg_tmr1
                0x10042a2c        0xc c:/MaximSDK/Libraries/PeriphDrivers/bin/MAX78000/softfp/libPeriphDriver_softfp.a(pins_ai85.o)
                0x10042a2c                gpio_cfg_tmr1
 .rodata.gpio_cfg_tmr1b
                0x10042a38        0xc c:/MaximSDK/Libraries/PeriphDrivers/bin/MAX78000/softfp/libPeriphDriver_softfp.a(pins_ai85.o)
                0x10042a38                gpio_cfg_tmr1b
 .rodata.gpio_cfg_tmr2
                0x10042a44        0xc c:/MaximSDK/Libraries/PeriphDrivers/bin/MAX78000/softfp/libPeriphDriver_softfp.a(pins_ai85.o)
                0x10042a44                gpio_cfg_tmr2
 .rodata.gpio_cfg_tmr2b
                0x10042a50        0xc c:/MaximSDK/Libraries/PeriphDrivers/bin/MAX78000/softfp/libPeriphDriver_softfp.a(pins_ai85.o)
                0x10042a50                gpio_cfg_tmr2b
 .rodata.gpio_cfg_tmr3
                0x10042a5c        0xc c:/MaximSDK/Libraries/PeriphDrivers/bin/MAX78000/softfp/libPeriphDriver_softfp.a(pins_ai85.o)
                0x10042a5c                gpio_cfg_tmr3
 .rodata.gpio_cfg_tmr3b
                0x10042a68        0xc c:/MaximSDK/Libraries/PeriphDrivers/bin/MAX78000/softfp/libPeriphDriver_softfp.a(pins_ai85.o)
                0x10042a68                gpio_cfg_tmr3b
 .rodata.gpio_cfg_tmr4
                0x10042a74        0xc c:/MaximSDK/Libraries/PeriphDrivers/bin/MAX78000/softfp/libPeriphDriver_softfp.a(pins_ai85.o)
                0x10042a74                gpio_cfg_tmr4
 .rodata.gpio_cfg_tmr5
                0x10042a80        0xc c:/MaximSDK/Libraries/PeriphDrivers/bin/MAX78000/softfp/libPeriphDriver_softfp.a(pins_ai85.o)
                0x10042a80                gpio_cfg_tmr5
 .rodata.gpio_cfg_uart0
                0x10042a8c        0xc c:/MaximSDK/Libraries/PeriphDrivers/bin/MAX78000/softfp/libPeriphDriver_softfp.a(pins_ai85.o)
                0x10042a8c                gpio_cfg_uart0
 .rodata.gpio_cfg_uart1
                0x10042a98        0xc c:/MaximSDK/Libraries/PeriphDrivers/bin/MAX78000/softfp/libPeriphDriver_softfp.a(pins_ai85.o)
                0x10042a98                gpio_cfg_uart1
 .rodata.gpio_cfg_uart2
                0x10042aa4        0xc c:/MaximSDK/Libraries/PeriphDrivers/bin/MAX78000/softfp/libPeriphDriver_softfp.a(pins_ai85.o)
                0x10042aa4                gpio_cfg_uart2
 .rodata.gpio_cfg_uart3
                0x10042ab0        0xc c:/MaximSDK/Libraries/PeriphDrivers/bin/MAX78000/softfp/libPeriphDriver_softfp.a(pins_ai85.o)
                0x10042ab0                gpio_cfg_uart3
 .rodata.MXC_SPI_Init.str1.1
                0x10042abc       0x47 c:/MaximSDK/Libraries/PeriphDrivers/bin/MAX78000/softfp/libPeriphDriver_softfp.a(spi_me17.o)
 .rodata.MXC_SPI_RevA_DMACallback.str1.1
                0x10042b03       0x46 c:/MaximSDK/Libraries/PeriphDrivers/bin/MAX78000/softfp/libPeriphDriver_softfp.a(spi_reva.o)
 .rodata.MXC_SPI_RevA_TransSetup.str1.1
                0x10042b49       0x22 c:/MaximSDK/Libraries/PeriphDrivers/bin/MAX78000/softfp/libPeriphDriver_softfp.a(spi_reva.o)
                                 0x2f (size before relaxing)
 .rodata.MXC_TMR_Init.str1.1
                0x10042b6b       0x46 c:/MaximSDK/Libraries/PeriphDrivers/bin/MAX78000/softfp/libPeriphDriver_softfp.a(tmr_ai85.o)
 .rodata.MXC_TMR_RevB_ConfigGeneric.str1.1
                0x10042bb1       0x3a c:/MaximSDK/Libraries/PeriphDrivers/bin/MAX78000/softfp/libPeriphDriver_softfp.a(tmr_revb.o)
                                 0x46 (size before relaxing)
 .rodata.MXC_GPIO_Common_Handler.str1.1
                0x10042beb       0x5c c:/MaximSDK/Libraries/PeriphDrivers/bin/MAX78000/softfp/libPeriphDriver_softfp.a(gpio_common.o)
 *fill*         0x10042c47        0x1 
 .rodata._global_impure_ptr
                0x10042c48        0x4 c:/maximsdk/tools/gnutools/bin/../lib/gcc/arm-none-eabi/9.2.1/../../../../arm-none-eabi/lib/thumb/v7e-m+fp/softfp\libc.a(lib_a-impure.o)
                0x10042c48                _global_impure_ptr
 .rodata._puts_r.str1.4
                0x10042c4c       0x4d c:/maximsdk/tools/gnutools/bin/../lib/gcc/arm-none-eabi/9.2.1/../../../../arm-none-eabi/lib/thumb/v7e-m+fp/softfp\libc.a(lib_a-puts.o)
                                  0x2 (size before relaxing)
 .rodata._svfprintf_r.str1.4
                0x10042c4c       0x42 c:/maximsdk/tools/gnutools/bin/../lib/gcc/arm-none-eabi/9.2.1/../../../../arm-none-eabi/lib/thumb/v7e-m+fp/softfp\libc.a(lib_a-svfprintf.o)
 *fill*         0x10042c8e        0x2 
 .rodata.blanks.8708
                0x10042c90       0x10 c:/maximsdk/tools/gnutools/bin/../lib/gcc/arm-none-eabi/9.2.1/../../../../arm-none-eabi/lib/thumb/v7e-m+fp/softfp\libc.a(lib_a-svfprintf.o)
 .rodata.zeroes.8709
                0x10042ca0       0x10 c:/maximsdk/tools/gnutools/bin/../lib/gcc/arm-none-eabi/9.2.1/../../../../arm-none-eabi/lib/thumb/v7e-m+fp/softfp\libc.a(lib_a-svfprintf.o)
 .rodata._vfprintf_r.str1.4
                0x10042cb0       0x42 c:/maximsdk/tools/gnutools/bin/../lib/gcc/arm-none-eabi/9.2.1/../../../../arm-none-eabi/lib/thumb/v7e-m+fp/softfp\libc.a(lib_a-vfprintf.o)
 .rodata.blanks.8723
                0x10042cb0       0x10 c:/maximsdk/tools/gnutools/bin/../lib/gcc/arm-none-eabi/9.2.1/../../../../arm-none-eabi/lib/thumb/v7e-m+fp/softfp\libc.a(lib_a-vfprintf.o)
 .rodata.zeroes.8724
                0x10042cc0       0x10 c:/maximsdk/tools/gnutools/bin/../lib/gcc/arm-none-eabi/9.2.1/../../../../arm-none-eabi/lib/thumb/v7e-m+fp/softfp\libc.a(lib_a-vfprintf.o)
 .rodata._dtoa_r.str1.4
                0x10042cd0        0xd c:/maximsdk/tools/gnutools/bin/../lib/gcc/arm-none-eabi/9.2.1/../../../../arm-none-eabi/lib/thumb/v7e-m+fp/softfp\libc.a(lib_a-dtoa.o)
                                 0x12 (size before relaxing)
 *fill*         0x10042cdd        0x3 
 .rodata.__mprec_bigtens
                0x10042ce0       0x28 c:/maximsdk/tools/gnutools/bin/../lib/gcc/arm-none-eabi/9.2.1/../../../../arm-none-eabi/lib/thumb/v7e-m+fp/softfp\libc.a(lib_a-mprec.o)
                0x10042ce0                __mprec_bigtens
 .rodata.__mprec_tens
                0x10042d08       0xc8 c:/maximsdk/tools/gnutools/bin/../lib/gcc/arm-none-eabi/9.2.1/../../../../arm-none-eabi/lib/thumb/v7e-m+fp/softfp\libc.a(lib_a-mprec.o)
                0x10042d08                __mprec_tens
 .rodata.p05.7478
                0x10042dd0        0xc c:/maximsdk/tools/gnutools/bin/../lib/gcc/arm-none-eabi/9.2.1/../../../../arm-none-eabi/lib/thumb/v7e-m+fp/softfp\libc.a(lib_a-mprec.o)
 .rodata._setlocale_r.str1.4
                0x10042ddc        0xa c:/maximsdk/tools/gnutools/bin/../lib/gcc/arm-none-eabi/9.2.1/../../../../arm-none-eabi/lib/thumb/v7e-m+fp/softfp\libc.a(lib_a-locale.o)
                                  0xd (size before relaxing)
 .rodata.str1.4
                0x10042de6        0xa c:/maximsdk/tools/gnutools/bin/../lib/gcc/arm-none-eabi/9.2.1/../../../../arm-none-eabi/lib/thumb/v7e-m+fp/softfp\libc.a(lib_a-locale.o)
                                  0x2 (size before relaxing)
 *fill*         0x10042de6        0x2 
 .rodata._ctype_
                0x10042de8      0x101 c:/maximsdk/tools/gnutools/bin/../lib/gcc/arm-none-eabi/9.2.1/../../../../arm-none-eabi/lib/thumb/v7e-m+fp/softfp\libc.a(lib_a-ctype_.o)
                0x10042de8                _ctype_
 *(.init)
 *fill*         0x10042ee9        0x3 
 .init          0x10042eec        0x4 c:/maximsdk/tools/gnutools/bin/../lib/gcc/arm-none-eabi/9.2.1/thumb/v7e-m+fp/softfp/crti.o
                0x10042eec                _init
 .init          0x10042ef0        0x8 c:/maximsdk/tools/gnutools/bin/../lib/gcc/arm-none-eabi/9.2.1/thumb/v7e-m+fp/softfp/crtn.o
 *(.fini)
 .fini          0x10042ef8        0x4 c:/maximsdk/tools/gnutools/bin/../lib/gcc/arm-none-eabi/9.2.1/thumb/v7e-m+fp/softfp/crti.o
                0x10042ef8                _fini
 .fini          0x10042efc        0x8 c:/maximsdk/tools/gnutools/bin/../lib/gcc/arm-none-eabi/9.2.1/thumb/v7e-m+fp/softfp/crtn.o
 *(.eh_frame*)
 .eh_frame      0x10042f04        0x0 c:/maximsdk/tools/gnutools/bin/../lib/gcc/arm-none-eabi/9.2.1/thumb/v7e-m+fp/softfp/crtbegin.o
 .eh_frame      0x10042f04        0x4 c:/maximsdk/tools/gnutools/bin/../lib/gcc/arm-none-eabi/9.2.1/thumb/v7e-m+fp/softfp/crtend.o
                0x10042f08                _etext = .

.glue_7         0x10042f08        0x0
 .glue_7        0x10042f08        0x0 linker stubs

.glue_7t        0x10042f08        0x0
 .glue_7t       0x10042f08        0x0 linker stubs

.vfp11_veneer   0x10042f08        0x0
 .vfp11_veneer  0x10042f08        0x0 linker stubs

.v4_bx          0x10042f08        0x0
 .v4_bx         0x10042f08        0x0 linker stubs

.iplt           0x10042f08        0x0
 .iplt          0x10042f08        0x0 c:/maximsdk/tools/gnutools/bin/../lib/gcc/arm-none-eabi/9.2.1/thumb/v7e-m+fp/softfp/crtbegin.o

.bin_storage    0x10042f08    0x28928
 FILL mask 0xff
                0x10042f08                _bin_start_ = .
 *(.bin_storage_img)
 .bin_storage_img
                0x10042f08    0x28927 c:/Users/Home/eclipse-workspace/Sneakers/build/all_imgs.o
                0x10042f08                imgs_arr
                0x1006b82f                _bin_end_ = .
                0x1006b830                . = ALIGN (0x4)
 *fill*         0x1006b82f        0x1 ff

.rom_code       0x00000000        0x0
                0x00000000                . = ALIGN (0x10)
                0x20000000                _sran_code = .
 *(.rom_code_section)
                0x20000000                _esran_code = .

.flash_code     0x1006b830        0x0
                0x1006b830                . = ALIGN (0x10)
                0x20000000                _sran_code = .
 *(.flash_code_section)
                0x20000000                _esran_code = .

.sram_code      0x20000000        0x0
                0x20000000                . = ALIGN (0x10)
                0x20000000                _sran_code = .
 *(.sram_code_section)
                0x20000000                _esran_code = .

.ARM.exidx      0x1006b830        0x8
                0x1006b830                __exidx_start = .
 *(.ARM.exidx*)
 .ARM.exidx     0x1006b830        0x8 c:/maximsdk/tools/gnutools/bin/../lib/gcc/arm-none-eabi/9.2.1/thumb/v7e-m+fp/softfp\libgcc.a(_udivmoddi4.o)
                0x1006b838                __exidx_end = .

.rel.dyn        0x1006b838        0x0
 .rel.iplt      0x1006b838        0x0 c:/maximsdk/tools/gnutools/bin/../lib/gcc/arm-none-eabi/9.2.1/thumb/v7e-m+fp/softfp/crtbegin.o

.data           0x20000000      0x9d4 load address 0x1006b838
                0x20000000                _data = ALIGN (., 0x4)
 *(.data*)
 .data.font_1   0x20000000        0x4 c:/Users/Home/eclipse-workspace/Sneakers/build/main.o
                0x20000000                font_1
 .data.font_2   0x20000004        0x4 c:/Users/Home/eclipse-workspace/Sneakers/build/main.o
                0x20000004                font_2
 .data.image_bitmap
                0x20000008        0x4 c:/Users/Home/eclipse-workspace/Sneakers/build/main.o
                0x20000008                image_bitmap
 .data.thresholdHigh
                0x2000000c        0x2 c:/Users/Home/eclipse-workspace/Sneakers/build/main.o
                0x2000000c                thresholdHigh
 .data.thresholdLow
                0x2000000e        0x2 c:/Users/Home/eclipse-workspace/Sneakers/build/main.o
                0x2000000e                thresholdLow
 .data.ConsoleUart
                0x20000010        0x4 c:/Users/Home/eclipse-workspace/Sneakers/build/board.o
                0x20000010                ConsoleUart
 .data.overflows
                0x20000014        0x4 c:/MaximSDK/Libraries/PeriphDrivers/bin/MAX78000/softfp/libPeriphDriver_softfp.a(mxc_delay.o)
 .data._impure_ptr
                0x20000018        0x4 c:/maximsdk/tools/gnutools/bin/../lib/gcc/arm-none-eabi/9.2.1/../../../../arm-none-eabi/lib/thumb/v7e-m+fp/softfp\libc.a(lib_a-impure.o)
                0x20000018                _impure_ptr
 *fill*         0x2000001c        0x4 
 .data.impure_data
                0x20000020      0x428 c:/maximsdk/tools/gnutools/bin/../lib/gcc/arm-none-eabi/9.2.1/../../../../arm-none-eabi/lib/thumb/v7e-m+fp/softfp\libc.a(lib_a-impure.o)
 .data.__malloc_av_
                0x20000448      0x408 c:/maximsdk/tools/gnutools/bin/../lib/gcc/arm-none-eabi/9.2.1/../../../../arm-none-eabi/lib/thumb/v7e-m+fp/softfp\libc.a(lib_a-mallocr.o)
                0x20000448                __malloc_av_
 .data.__malloc_sbrk_base
                0x20000850        0x4 c:/maximsdk/tools/gnutools/bin/../lib/gcc/arm-none-eabi/9.2.1/../../../../arm-none-eabi/lib/thumb/v7e-m+fp/softfp\libc.a(lib_a-mallocr.o)
                0x20000850                __malloc_sbrk_base
 .data.__malloc_trim_threshold
                0x20000854        0x4 c:/maximsdk/tools/gnutools/bin/../lib/gcc/arm-none-eabi/9.2.1/../../../../arm-none-eabi/lib/thumb/v7e-m+fp/softfp\libc.a(lib_a-mallocr.o)
                0x20000854                __malloc_trim_threshold
 .data.__atexit_recursive_mutex
                0x20000858        0x4 c:/maximsdk/tools/gnutools/bin/../lib/gcc/arm-none-eabi/9.2.1/../../../../arm-none-eabi/lib/thumb/v7e-m+fp/softfp\libc.a(lib_a-__call_atexit.o)
                0x20000858                __atexit_recursive_mutex
 .data.__global_locale
                0x2000085c      0x16c c:/maximsdk/tools/gnutools/bin/../lib/gcc/arm-none-eabi/9.2.1/../../../../arm-none-eabi/lib/thumb/v7e-m+fp/softfp\libc.a(lib_a-locale.o)
                0x2000085c                __global_locale
                0x200009c8                . = ALIGN (0x4)
                0x200009c8                PROVIDE (__preinit_array_start = .)
 *(.preinit_array)
                0x200009c8                PROVIDE (__preinit_array_end = .)
                0x200009c8                . = ALIGN (0x4)
                0x200009c8                PROVIDE (__init_array_start = .)
 *(SORT_BY_NAME(.init_array.*))
 .init_array.00000
                0x200009c8        0x4 c:/maximsdk/tools/gnutools/bin/../lib/gcc/arm-none-eabi/9.2.1/../../../../arm-none-eabi/lib/thumb/v7e-m+fp/softfp\libc.a(lib_a-__call_atexit.o)
 *(.init_array)
 .init_array    0x200009cc        0x4 c:/maximsdk/tools/gnutools/bin/../lib/gcc/arm-none-eabi/9.2.1/thumb/v7e-m+fp/softfp/crtbegin.o
                0x200009d0                PROVIDE (__init_array_end = .)
                0x200009d0                . = ALIGN (0x4)
                0x200009d0                PROVIDE (__fini_array_start = .)
 *(SORT_BY_NAME(.fini_array.*))
 *(.fini_array)
 .fini_array    0x200009d0        0x4 c:/maximsdk/tools/gnutools/bin/../lib/gcc/arm-none-eabi/9.2.1/thumb/v7e-m+fp/softfp/crtbegin.o
                0x200009d4                PROVIDE (__fini_array_end = .)
                0x200009d4                _edata = ALIGN (., 0x4)
                0x1006b838                __load_data = LOADADDR (.data)

.igot.plt       0x200009d4        0x0 load address 0x1006c20c
 .igot.plt      0x200009d4        0x0 c:/maximsdk/tools/gnutools/bin/../lib/gcc/arm-none-eabi/9.2.1/thumb/v7e-m+fp/softfp/crtbegin.o

.bss            0x20000a00     0x5c84 load address 0x1006c20c
                0x20000a00                . = ALIGN (0x4)
                0x20000a00                _bss = .
 *(.bss*)
 .bss           0x20000a00       0x1c c:/maximsdk/tools/gnutools/bin/../lib/gcc/arm-none-eabi/9.2.1/thumb/v7e-m+fp/softfp/crtbegin.o
 .bss.Coeff     0x20000a1c        0x2 c:/Users/Home/eclipse-workspace/Sneakers/build/main.o
 .bss.chunkCount.10125
                0x20000a1e        0x2 c:/Users/Home/eclipse-workspace/Sneakers/build/main.o
 .bss.col.10110
                0x20000a20        0x2 c:/Users/Home/eclipse-workspace/Sneakers/build/main.o
 .bss.i2s_flag  0x20000a22        0x1 c:/Users/Home/eclipse-workspace/Sneakers/build/main.o
                0x20000a22                i2s_flag
 *fill*         0x20000a23        0x1 
 .bss.index.10127
                0x20000a24        0x4 c:/Users/Home/eclipse-workspace/Sneakers/build/main.o
 .bss.ml_data   0x20000a28       0x54 c:/Users/Home/eclipse-workspace/Sneakers/build/main.o
 .bss.ml_softmax
                0x20000a7c       0x2a c:/Users/Home/eclipse-workspace/Sneakers/build/main.o
 .bss.row.10109
                0x20000aa6        0x2 c:/Users/Home/eclipse-workspace/Sneakers/build/main.o
 .bss.state     0x20000aa8        0x1 c:/Users/Home/eclipse-workspace/Sneakers/build/main.o
 *fill*         0x20000aa9        0x1 
 .bss.sum.10126
                0x20000aaa        0x2 c:/Users/Home/eclipse-workspace/Sneakers/build/main.o
 .bss.total.10111
                0x20000aac        0x2 c:/Users/Home/eclipse-workspace/Sneakers/build/main.o
 .bss.x1        0x20000aae        0x2 c:/Users/Home/eclipse-workspace/Sneakers/build/main.o
 .bss.y0        0x20000ab0        0x4 c:/Users/Home/eclipse-workspace/Sneakers/build/main.o
 .bss.y1        0x20000ab4        0x4 c:/Users/Home/eclipse-workspace/Sneakers/build/main.o
 .bss.blen_pin  0x20000ab8        0x4 c:/Users/Home/eclipse-workspace/Sneakers/build/tft.o
 .bss.g_background_color
                0x20000abc        0x4 c:/Users/Home/eclipse-workspace/Sneakers/build/tft.o
 .bss.g_fifo    0x20000ac0       0x10 c:/Users/Home/eclipse-workspace/Sneakers/build/tft.o
 .bss.g_palette_ram
                0x20000ad0      0x400 c:/Users/Home/eclipse-workspace/Sneakers/build/tft.o